../Core/Src/main.c:90:5:main	80	static
../Core/Src/main.c:215:6:SystemClock_Config	88	static
../Core/Src/main.c:262:13:MX_I2C1_Init	8	static
../Core/Src/main.c:310:13:MX_USART2_UART_Init	8	static
../Core/Src/main.c:358:13:MX_GPIO_Init	40	static
../Core/Src/main.c:383:6:UART_PRINT_VAL	96	static
../Core/Src/main.c:402:6:UART_PRINT_TEXT	16	static
../Core/Src/main.c:406:6:BMX160_INIT	64	static
../Core/Src/main.c:456:8:BMX160_GET_DATA	80	dynamic
../Core/Src/main.c:480:6:Error_Handler	4	static,ignoring_inline_asm
