../Core/Src/main.c:85:5:main	80	static
../Core/Src/main.c:178:6:SystemClock_Config	88	static
../Core/Src/main.c:225:13:MX_I2C1_Init	8	static
../Core/Src/main.c:273:13:MX_USART2_UART_Init	8	static
../Core/Src/main.c:321:13:MX_GPIO_Init	40	static
../Core/Src/main.c:346:6:UART_PRINT_VAL	88	static
../Core/Src/main.c:357:6:UART_PRINT_TEXT	16	static
../Core/Src/main.c:361:6:BMX160_INIT	24	static
../Core/Src/main.c:369:8:BMX160_GET_DATA	80	dynamic
../Core/Src/main.c:390:6:Error_Handler	4	static,ignoring_inline_asm
