../Core/Src/main.c:89:5:main	56	static
../Core/Src/main.c:180:6:SystemClock_Config	88	static
../Core/Src/main.c:227:13:MX_I2C1_Init	8	static
../Core/Src/main.c:275:13:MX_USART2_UART_Init	8	static
../Core/Src/main.c:323:13:MX_GPIO_Init	40	static
../Core/Src/main.c:348:6:UART_PRINT_VAL	96	static
../Core/Src/main.c:367:6:UART_PRINT_TEXT	16	static
../Core/Src/main.c:371:6:MPU6881_INIT	40	static
../Core/Src/main.c:383:8:MPU6881_GET_DATA	80	dynamic
../Core/Src/main.c:407:6:Error_Handler	4	static,ignoring_inline_asm
