../Core/Src/main.c:90:5:main	80	static
../Core/Src/main.c:193:6:SystemClock_Config	88	static
../Core/Src/main.c:240:13:MX_I2C1_Init	8	static
../Core/Src/main.c:288:13:MX_USART2_UART_Init	8	static
../Core/Src/main.c:336:13:MX_GPIO_Init	40	static
../Core/Src/main.c:361:6:UART_PRINT_VAL	96	static
../Core/Src/main.c:380:6:UART_PRINT_TEXT	16	static
../Core/Src/main.c:384:6:MPU6881_INIT	40	static
../Core/Src/main.c:396:8:MPU6881_GET_DATA	80	dynamic
../Core/Src/main.c:420:6:Error_Handler	4	static,ignoring_inline_asm
