../Core/Src/main.c:94:5:main	72	static
../Core/Src/main.c:201:6:SystemClock_Config	88	static
../Core/Src/main.c:248:13:MX_ADC1_Init	56	static
../Core/Src/main.c:316:13:MX_ADC2_Init	40	static
../Core/Src/main.c:375:13:MX_SPI1_Init	8	static
../Core/Src/main.c:415:13:MX_TIM1_Init	120	static
../Core/Src/main.c:497:13:MX_USART2_UART_Init	8	static
../Core/Src/main.c:545:13:MX_GPIO_Init	40	static
../Core/Src/main.c:589:6:UART_PRINT_VAL	96	static
../Core/Src/main.c:606:6:UART_PRINT_TEXT	16	static
../Core/Src/main.c:610:6:IIS2_INIT	24	static
../Core/Src/main.c:621:5:IIS2_GET_DATA	32	static
../Core/Src/main.c:672:6:Error_Handler	4	static,ignoring_inline_asm
