../Core/Src/main.c:107:5:main	208	static
../Core/Src/main.c:285:6:SystemClock_Config	88	static
../Core/Src/main.c:332:13:MX_ADC1_Init	56	static
../Core/Src/main.c:400:13:MX_I2C1_Init	8	static
../Core/Src/main.c:448:13:MX_SPI1_Init	8	static
../Core/Src/main.c:488:13:MX_TIM1_Init	120	static
../Core/Src/main.c:570:13:MX_TIM2_Init	40	static
../Core/Src/main.c:615:13:MX_USART2_UART_Init	8	static
../Core/Src/main.c:663:13:MX_GPIO_Init	40	static
../Core/Src/main.c:704:6:UART_PRINT_VAL	96	static
../Core/Src/main.c:721:6:UART_PRINT_TEXT	16	static
../Core/Src/main.c:724:6:MAGNETORQUER_SET_PWM	16	static
../Core/Src/main.c:733:6:IIS2_INIT	24	static
../Core/Src/main.c:743:5:IIS2_GET_DATA	32	static
../Core/Src/main.c:763:6:BNO055_INIT	24	static
../Core/Src/main.c:769:5:BNO055_GET_DATA	72	dynamic
../Core/Src/main.c:791:6:Error_Handler	4	static,ignoring_inline_asm
