../Core/Src/main.c:73:5:main	80	static
../Core/Src/main.c:158:6:SystemClock_Config	88	static
../Core/Src/main.c:205:13:MX_SPI1_Init	8	static
../Core/Src/main.c:245:13:MX_USART2_UART_Init	8	static
../Core/Src/main.c:293:13:MX_GPIO_Init	40	static
../Core/Src/main.c:328:6:UART_PRINT_VAL	88	static
../Core/Src/main.c:339:6:UART_PRINT_TEXT	16	static
../Core/Src/main.c:343:6:UM7_INIT	16	static
../Core/Src/main.c:349:8:UM7_GET_DATA	40	static
../Core/Src/main.c:370:6:Error_Handler	4	static,ignoring_inline_asm
