../Core/Src/main.c:73:5:main	80	static
../Core/Src/main.c:161:6:SystemClock_Config	88	static
../Core/Src/main.c:208:13:MX_SPI1_Init	8	static
../Core/Src/main.c:248:13:MX_USART2_UART_Init	8	static
../Core/Src/main.c:296:13:MX_GPIO_Init	40	static
../Core/Src/main.c:331:6:UART_PRINT_VAL	96	static
../Core/Src/main.c:345:6:UART_PRINT_TEXT	16	static
../Core/Src/main.c:349:6:UM7_INIT	24	static
../Core/Src/main.c:358:6:UM7_WRITE	24	static
../Core/Src/main.c:364:8:power	40	static
../Core/Src/main.c:379:8:UM7_GET_DATA	32	static
../Core/Src/main.c:402:6:Error_Handler	4	static,ignoring_inline_asm
