../Core/Src/main.c:107:5:main	184	static
../Core/Src/main.c:238:6:SystemClock_Config	88	static
../Core/Src/main.c:285:13:MX_ADC1_Init	56	static
../Core/Src/main.c:353:13:MX_I2C1_Init	8	static
../Core/Src/main.c:401:13:MX_SPI1_Init	8	static
../Core/Src/main.c:441:13:MX_TIM1_Init	120	static
../Core/Src/main.c:523:13:MX_TIM2_Init	40	static
../Core/Src/main.c:568:13:MX_USART2_UART_Init	8	static
../Core/Src/main.c:616:13:MX_GPIO_Init	40	static
../Core/Src/main.c:653:6:UART_PRINT_VAL	96	static
../Core/Src/main.c:670:6:UART_PRINT_TEXT	16	static
../Core/Src/main.c:673:6:MAGNETORQUER_SET_PWM	16	static
../Core/Src/main.c:682:6:IIS2_INIT	24	static
../Core/Src/main.c:693:5:IIS2_GET_DATA	32	static
../Core/Src/main.c:713:6:BNO055_INIT	24	static
../Core/Src/main.c:716:5:BNO055_GET_DATA	72	dynamic
../Core/Src/main.c:738:6:Error_Handler	4	static,ignoring_inline_asm
