../Core/Src/main.c:88:5:main	64	static
../Core/Src/main.c:214:6:SystemClock_Config	88	static
../Core/Src/main.c:261:13:MX_ADC1_Init	56	static
../Core/Src/main.c:329:13:MX_SPI1_Init	8	static
../Core/Src/main.c:369:13:MX_TIM1_Init	120	static
../Core/Src/main.c:451:13:MX_USART2_UART_Init	8	static
../Core/Src/main.c:499:13:MX_GPIO_Init	40	static
../Core/Src/main.c:540:6:UART_PRINT_VAL	96	static
../Core/Src/main.c:557:6:UART_PRINT_TEXT	16	static
../Core/Src/main.c:561:6:IIS2_INIT	24	static
../Core/Src/main.c:572:5:IIS2_GET_DATA	32	static
../Core/Src/main.c:623:6:Error_Handler	4	static,ignoring_inline_asm
