../Core/Src/main.c:79:5:main	40	static
../Core/Src/main.c:150:6:SystemClock_Config	112	static
../Core/Src/main.c:193:13:MX_I2C1_Init	8	static
../Core/Src/main.c:241:13:MX_USART2_UART_Init	8	static
../Core/Src/main.c:276:13:MX_GPIO_Init	48	static
../Core/Src/main.c:302:6:UART_PRINT_VAL	104	static
../Core/Src/main.c:319:6:UART_PRINT_TEXT	16	static
../Core/Src/main.c:323:6:IIS2_INIT	24	static
../Core/Src/main.c:326:11:IIS2_GET_DATA	88	dynamic
../Core/Src/main.c:346:6:Error_Handler	8	static,ignoring_inline_asm
