21:47:06 **** Incremental Build of configuration Debug for project UM7 ****
make -j3 all 
arm-none-eabi-gcc "../Core/Src/main.c" -mcpu=cortex-m4 -std=gnu11 -g3 -DDEBUG -DUSE_HAL_DRIVER -DSTM32G431xx -c -I../Core/Inc -I../Drivers/STM32G4xx_HAL_Driver/Inc -I../Drivers/STM32G4xx_HAL_Driver/Inc/Legacy -I../Drivers/CMSIS/Device/ST/STM32G4xx/Include -I../Drivers/CMSIS/Include -O0 -ffunction-sections -fdata-sections -Wall -fstack-usage -fcyclomatic-complexity -MMD -MP -MF"Core/Src/main.d" -MT"Core/Src/main.o" --specs=nano.specs -mfpu=fpv4-sp-d16 -mfloat-abi=hard -mthumb -o "Core/Src/main.o"
../Core/Src/main.c: In function 'main':
../Core/Src/main.c:123:20: warning: pointer targets in passing argument 1 of 'UART_PRINT_TEXT' differ in signedness [-Wpointer-sign]
  123 |    UART_PRINT_TEXT("Accelerometer: ");
      |                    ^~~~~~~~~~~~~~~~~
      |                    |
      |                    char *
../Core/Src/main.c:58:31: note: expected 'uint8_t *' {aka 'unsigned char *'} but argument is of type 'char *'
   58 | void UART_PRINT_TEXT(uint8_t* MSG);
      |                      ~~~~~~~~~^~~
../Core/Src/main.c:124:20: warning: pointer targets in passing argument 1 of 'UART_PRINT_TEXT' differ in signedness [-Wpointer-sign]
  124 |    UART_PRINT_TEXT("( ");
      |                    ^~~~
      |                    |
      |                    char *
../Core/Src/main.c:58:31: note: expected 'uint8_t *' {aka 'unsigned char *'} but argument is of type 'char *'
   58 | void UART_PRINT_TEXT(uint8_t* MSG);
      |                      ~~~~~~~~~^~~
../Core/Src/main.c:148:20: warning: pointer targets in passing argument 1 of 'UART_PRINT_TEXT' differ in signedness [-Wpointer-sign]
  148 |    UART_PRINT_TEXT(" )\n");
      |                    ^~~~~~
      |                    |
      |                    char *
../Core/Src/main.c:58:31: note: expected 'uint8_t *' {aka 'unsigned char *'} but argument is of type 'char *'
   58 | void UART_PRINT_TEXT(uint8_t* MSG);
      |                      ~~~~~~~~~^~~
../Core/Src/main.c:108:8: warning: unused variable 'zGyro' [-Wunused-variable]
  108 |  float zGyro = 0;
      |        ^~~~~
../Core/Src/main.c:107:8: warning: unused variable 'yGyro' [-Wunused-variable]
  107 |  float yGyro = 0;
      |        ^~~~~
../Core/Src/main.c:106:8: warning: unused variable 'xGyro' [-Wunused-variable]
  106 |  float xGyro = 0;
      |        ^~~~~
../Core/Src/main.c:105:8: warning: unused variable 'zMag' [-Wunused-variable]
  105 |  float zMag = 0;
      |        ^~~~
../Core/Src/main.c:104:8: warning: unused variable 'yMag' [-Wunused-variable]
  104 |  float yMag = 0;
      |        ^~~~
../Core/Src/main.c:103:8: warning: unused variable 'xMag' [-Wunused-variable]
  103 |  float xMag = 0;
      |        ^~~~
../Core/Src/main.c:102:8: warning: unused variable 'zAccel' [-Wunused-variable]
  102 |  float zAccel = 0;
      |        ^~~~~~
../Core/Src/main.c:101:8: warning: unused variable 'yAccel' [-Wunused-variable]
  101 |  float yAccel = 0;
      |        ^~~~~~
../Core/Src/main.c: In function 'UART_PRINT_VAL':
../Core/Src/main.c:333:2: warning: implicit declaration of function 'sprintf' [-Wimplicit-function-declaration]
  333 |  sprintf(total, "%i", (int)value);
      |  ^~~~~~~
../Core/Src/main.c:333:2: warning: incompatible implicit declaration of built-in function 'sprintf'
../Core/Src/main.c:25:1: note: include '<stdio.h>' or provide a declaration of 'sprintf'
   24 | #include<stdlib.h>
  +++ |+#include <stdio.h>
   25 | /* USER CODE END Includes */
../Core/Src/main.c:334:2: warning: implicit declaration of function 'strcat' [-Wimplicit-function-declaration]
  334 |  strcat(total, ".");
      |  ^~~~~~
../Core/Src/main.c:334:2: warning: incompatible implicit declaration of built-in function 'strcat'
../Core/Src/main.c:25:1: note: include '<string.h>' or provide a declaration of 'strcat'
   24 | #include<stdlib.h>
  +++ |+#include <string.h>
   25 | /* USER CODE END Includes */
../Core/Src/main.c:338:21: warning: implicit declaration of function 'log10' [-Wimplicit-function-declaration]
  338 |   repeat = 7 - (int)log10(val);
      |                     ^~~~~
../Core/Src/main.c:338:21: warning: incompatible implicit declaration of built-in function 'log10'
../Core/Src/main.c:25:1: note: include '<math.h>' or provide a declaration of 'log10'
   24 | #include<stdlib.h>
  +++ |+#include <math.h>
   25 | /* USER CODE END Includes */
../Core/Src/main.c:346:36: warning: implicit declaration of function 'strlen' [-Wimplicit-function-declaration]
  346 |  HAL_UART_Transmit(&huart2, total, strlen(total), 100);
      |                                    ^~~~~~
../Core/Src/main.c:346:36: warning: incompatible implicit declaration of built-in function 'strlen'
../Core/Src/main.c:346:36: note: include '<string.h>' or provide a declaration of 'strlen'
../Core/Src/main.c:346:29: warning: pointer targets in passing argument 2 of 'HAL_UART_Transmit' differ in signedness [-Wpointer-sign]
  346 |  HAL_UART_Transmit(&huart2, total, strlen(total), 100);
      |                             ^~~~~
      |                             |
      |                             char *
In file included from ../Core/Inc/stm32g4xx_hal_conf.h:348,
                 from ../Drivers/STM32G4xx_HAL_Driver/Inc/stm32g4xx_hal.h:29,
                 from ../Core/Inc/main.h:30,
                 from ../Core/Src/main.c:20:
../Drivers/STM32G4xx_HAL_Driver/Inc/stm32g4xx_hal_uart.h:1611:79: note: expected 'const uint8_t *' {aka 'const unsigned char *'} but argument is of type 'char *'
 1611 | HAL_StatusTypeDef HAL_UART_Transmit(UART_HandleTypeDef *huart, const uint8_t *pData, uint16_t Size, uint32_t Timeout);
      |                                                                ~~~~~~~~~~~~~~~^~~~~
../Core/Src/main.c: In function 'UART_PRINT_TEXT':
../Core/Src/main.c:349:34: warning: incompatible implicit declaration of built-in function 'strlen'
  349 |  HAL_UART_Transmit(&huart2, MSG, strlen(MSG), 100);
      |                                  ^~~~~~
../Core/Src/main.c:349:34: note: include '<string.h>' or provide a declaration of 'strlen'
../Core/Src/main.c:349:41: warning: pointer targets in passing argument 1 of 'strlen' differ in signedness [-Wpointer-sign]
  349 |  HAL_UART_Transmit(&huart2, MSG, strlen(MSG), 100);
      |                                         ^~~
      |                                         |
      |                                         uint8_t * {aka unsigned char *}
../Core/Src/main.c:349:41: note: expected 'const char *' but argument is of type 'uint8_t *' {aka 'unsigned char *'}
../Core/Src/main.c: In function 'UM7_GET_DATA':
../Core/Src/main.c:385:11: warning: variable 'value_frac' set but not used [-Wunused-but-set-variable]
  385 |  uint32_t value_frac = 0;
      |           ^~~~~~~~~~
../Core/Src/main.c:383:15: warning: unused variable 'side_effect' [-Wunused-variable]
  383 |  volatile int side_effect;
      |               ^~~~~~~~~~~
../Core/Src/main.c:382:8: warning: unused variable 'frac' [-Wunused-variable]
  382 |  float frac = 0;
      |        ^~~~
../Core/Src/main.c:381:8: warning: unused variable 'exp' [-Wunused-variable]
  381 |  float exp = 0;
      |        ^~~
arm-none-eabi-gcc -o "UM7.elf" @"objects.list"   -mcpu=cortex-m4 -T"/Users/madcloud123/Documents/GitHub/Rapid-ACDS-I2C-Data-Collection/UM7/STM32G431KBTX_FLASH.ld" --specs=nosys.specs -Wl,-Map="UM7.map" -Wl,--gc-sections -static --specs=nano.specs -mfpu=fpv4-sp-d16 -mfloat-abi=hard -mthumb -Wl,--start-group -lc -lm -Wl,--end-group
Finished building target: UM7.elf
 
arm-none-eabi-size   UM7.elf 
arm-none-eabi-objdump -h -S  UM7.elf  > "UM7.list"
   text	   data	    bss	    dec	    hex	filename
  22388	    120	   1832	  24340	   5f14	UM7.elf
Finished building: default.size.stdout
 
Finished building: UM7.list
 
21:47:26 **** Incremental Build of configuration Debug for project UM7 ****
make -j3 all 
arm-none-eabi-size   UM7.elf 
   text	   data	    bss	    dec	    hex	filename
  22388	    120	   1832	  24340	   5f14	UM7.elf
Finished building: default.size.stdout
 
21:48:04 **** Incremental Build of configuration Debug for project UM7 ****
make -j3 all 
arm-none-eabi-gcc "../Core/Src/main.c" -mcpu=cortex-m4 -std=gnu11 -g3 -DDEBUG -DUSE_HAL_DRIVER -DSTM32G431xx -c -I../Core/Inc -I../Drivers/STM32G4xx_HAL_Driver/Inc -I../Drivers/STM32G4xx_HAL_Driver/Inc/Legacy -I../Drivers/CMSIS/Device/ST/STM32G4xx/Include -I../Drivers/CMSIS/Include -O0 -ffunction-sections -fdata-sections -Wall -fstack-usage -fcyclomatic-complexity -MMD -MP -MF"Core/Src/main.d" -MT"Core/Src/main.o" --specs=nano.specs -mfpu=fpv4-sp-d16 -mfloat-abi=hard -mthumb -o "Core/Src/main.o"
../Core/Src/main.c: In function 'main':
../Core/Src/main.c:123:20: warning: pointer targets in passing argument 1 of 'UART_PRINT_TEXT' differ in signedness [-Wpointer-sign]
  123 |    UART_PRINT_TEXT("Accelerometer: ");
      |                    ^~~~~~~~~~~~~~~~~
      |                    |
      |                    char *
../Core/Src/main.c:58:31: note: expected 'uint8_t *' {aka 'unsigned char *'} but argument is of type 'char *'
   58 | void UART_PRINT_TEXT(uint8_t* MSG);
      |                      ~~~~~~~~~^~~
../Core/Src/main.c:124:20: warning: pointer targets in passing argument 1 of 'UART_PRINT_TEXT' differ in signedness [-Wpointer-sign]
  124 |    UART_PRINT_TEXT("( ");
      |                    ^~~~
      |                    |
      |                    char *
../Core/Src/main.c:58:31: note: expected 'uint8_t *' {aka 'unsigned char *'} but argument is of type 'char *'
   58 | void UART_PRINT_TEXT(uint8_t* MSG);
      |                      ~~~~~~~~~^~~
../Core/Src/main.c:148:20: warning: pointer targets in passing argument 1 of 'UART_PRINT_TEXT' differ in signedness [-Wpointer-sign]
  148 |    UART_PRINT_TEXT(" )\n");
      |                    ^~~~~~
      |                    |
      |                    char *
../Core/Src/main.c:58:31: note: expected 'uint8_t *' {aka 'unsigned char *'} but argument is of type 'char *'
   58 | void UART_PRINT_TEXT(uint8_t* MSG);
      |                      ~~~~~~~~~^~~
../Core/Src/main.c:108:8: warning: unused variable 'zGyro' [-Wunused-variable]
  108 |  float zGyro = 0;
      |        ^~~~~
../Core/Src/main.c:107:8: warning: unused variable 'yGyro' [-Wunused-variable]
  107 |  float yGyro = 0;
      |        ^~~~~
../Core/Src/main.c:106:8: warning: unused variable 'xGyro' [-Wunused-variable]
  106 |  float xGyro = 0;
      |        ^~~~~
../Core/Src/main.c:105:8: warning: unused variable 'zMag' [-Wunused-variable]
  105 |  float zMag = 0;
      |        ^~~~
../Core/Src/main.c:104:8: warning: unused variable 'yMag' [-Wunused-variable]
  104 |  float yMag = 0;
      |        ^~~~
../Core/Src/main.c:103:8: warning: unused variable 'xMag' [-Wunused-variable]
  103 |  float xMag = 0;
      |        ^~~~
../Core/Src/main.c:102:8: warning: unused variable 'zAccel' [-Wunused-variable]
  102 |  float zAccel = 0;
      |        ^~~~~~
../Core/Src/main.c:101:8: warning: unused variable 'yAccel' [-Wunused-variable]
  101 |  float yAccel = 0;
      |        ^~~~~~
../Core/Src/main.c: In function 'UART_PRINT_VAL':
../Core/Src/main.c:333:2: warning: implicit declaration of function 'sprintf' [-Wimplicit-function-declaration]
  333 |  sprintf(total, "%i", (int)value);
      |  ^~~~~~~
../Core/Src/main.c:333:2: warning: incompatible implicit declaration of built-in function 'sprintf'
../Core/Src/main.c:25:1: note: include '<stdio.h>' or provide a declaration of 'sprintf'
   24 | #include<stdlib.h>
  +++ |+#include <stdio.h>
   25 | /* USER CODE END Includes */
../Core/Src/main.c:334:2: warning: implicit declaration of function 'strcat' [-Wimplicit-function-declaration]
  334 |  strcat(total, ".");
      |  ^~~~~~
../Core/Src/main.c:334:2: warning: incompatible implicit declaration of built-in function 'strcat'
../Core/Src/main.c:25:1: note: include '<string.h>' or provide a declaration of 'strcat'
   24 | #include<stdlib.h>
  +++ |+#include <string.h>
   25 | /* USER CODE END Includes */
../Core/Src/main.c:338:21: warning: implicit declaration of function 'log10' [-Wimplicit-function-declaration]
  338 |   repeat = 7 - (int)log10(val);
      |                     ^~~~~
../Core/Src/main.c:338:21: warning: incompatible implicit declaration of built-in function 'log10'
../Core/Src/main.c:25:1: note: include '<math.h>' or provide a declaration of 'log10'
   24 | #include<stdlib.h>
  +++ |+#include <math.h>
   25 | /* USER CODE END Includes */
../Core/Src/main.c:346:36: warning: implicit declaration of function 'strlen' [-Wimplicit-function-declaration]
  346 |  HAL_UART_Transmit(&huart2, total, strlen(total), 100);
      |                                    ^~~~~~
../Core/Src/main.c:346:36: warning: incompatible implicit declaration of built-in function 'strlen'
../Core/Src/main.c:346:36: note: include '<string.h>' or provide a declaration of 'strlen'
../Core/Src/main.c:346:29: warning: pointer targets in passing argument 2 of 'HAL_UART_Transmit' differ in signedness [-Wpointer-sign]
  346 |  HAL_UART_Transmit(&huart2, total, strlen(total), 100);
      |                             ^~~~~
      |                             |
      |                             char *
In file included from ../Core/Inc/stm32g4xx_hal_conf.h:348,
                 from ../Drivers/STM32G4xx_HAL_Driver/Inc/stm32g4xx_hal.h:29,
                 from ../Core/Inc/main.h:30,
                 from ../Core/Src/main.c:20:
../Drivers/STM32G4xx_HAL_Driver/Inc/stm32g4xx_hal_uart.h:1611:79: note: expected 'const uint8_t *' {aka 'const unsigned char *'} but argument is of type 'char *'
 1611 | HAL_StatusTypeDef HAL_UART_Transmit(UART_HandleTypeDef *huart, const uint8_t *pData, uint16_t Size, uint32_t Timeout);
      |                                                                ~~~~~~~~~~~~~~~^~~~~
../Core/Src/main.c: In function 'UART_PRINT_TEXT':
../Core/Src/main.c:349:34: warning: incompatible implicit declaration of built-in function 'strlen'
  349 |  HAL_UART_Transmit(&huart2, MSG, strlen(MSG), 100);
      |                                  ^~~~~~
../Core/Src/main.c:349:34: note: include '<string.h>' or provide a declaration of 'strlen'
../Core/Src/main.c:349:41: warning: pointer targets in passing argument 1 of 'strlen' differ in signedness [-Wpointer-sign]
  349 |  HAL_UART_Transmit(&huart2, MSG, strlen(MSG), 100);
      |                                         ^~~
      |                                         |
      |                                         uint8_t * {aka unsigned char *}
../Core/Src/main.c:349:41: note: expected 'const char *' but argument is of type 'uint8_t *' {aka 'unsigned char *'}
../Core/Src/main.c: In function 'UM7_GET_DATA':
../Core/Src/main.c:385:11: warning: variable 'value_frac' set but not used [-Wunused-but-set-variable]
  385 |  uint32_t value_frac = 0;
      |           ^~~~~~~~~~
../Core/Src/main.c:384:11: warning: variable 'value_exp' set but not used [-Wunused-but-set-variable]
  384 |  uint32_t value_exp = 0;
      |           ^~~~~~~~~
../Core/Src/main.c:383:15: warning: unused variable 'side_effect' [-Wunused-variable]
  383 |  volatile int side_effect;
      |               ^~~~~~~~~~~
../Core/Src/main.c:382:8: warning: unused variable 'frac' [-Wunused-variable]
  382 |  float frac = 0;
      |        ^~~~
../Core/Src/main.c:381:8: warning: unused variable 'exp' [-Wunused-variable]
  381 |  float exp = 0;
      |        ^~~
arm-none-eabi-gcc -o "UM7.elf" @"objects.list"   -mcpu=cortex-m4 -T"/Users/madcloud123/Documents/GitHub/Rapid-ACDS-I2C-Data-Collection/UM7/STM32G431KBTX_FLASH.ld" --specs=nosys.specs -Wl,-Map="UM7.map" -Wl,--gc-sections -static --specs=nano.specs -mfpu=fpv4-sp-d16 -mfloat-abi=hard -mthumb -Wl,--start-group -lc -lm -Wl,--end-group
Finished building target: UM7.elf
 
arm-none-eabi-size   UM7.elf 
arm-none-eabi-objdump -h -S  UM7.elf  > "UM7.list"
   text	   data	    bss	    dec	    hex	filename
  22236	    120	   1832	  24188	   5e7c	UM7.elf
Finished building: default.size.stdout
 
Finished building: UM7.list
 
22:01:22 **** Incremental Build of configuration Debug for project UM7 ****
make -j3 all 
arm-none-eabi-gcc "../Core/Src/main.c" -mcpu=cortex-m4 -std=gnu11 -g3 -DDEBUG -DUSE_HAL_DRIVER -DSTM32G431xx -c -I../Core/Inc -I../Drivers/STM32G4xx_HAL_Driver/Inc -I../Drivers/STM32G4xx_HAL_Driver/Inc/Legacy -I../Drivers/CMSIS/Device/ST/STM32G4xx/Include -I../Drivers/CMSIS/Include -O0 -ffunction-sections -fdata-sections -Wall -fstack-usage -fcyclomatic-complexity -MMD -MP -MF"Core/Src/main.d" -MT"Core/Src/main.o" --specs=nano.specs -mfpu=fpv4-sp-d16 -mfloat-abi=hard -mthumb -o "Core/Src/main.o"
../Core/Src/main.c: In function 'main':
../Core/Src/main.c:123:20: warning: pointer targets in passing argument 1 of 'UART_PRINT_TEXT' differ in signedness [-Wpointer-sign]
  123 |    UART_PRINT_TEXT("Accelerometer: ");
      |                    ^~~~~~~~~~~~~~~~~
      |                    |
      |                    char *
../Core/Src/main.c:58:31: note: expected 'uint8_t *' {aka 'unsigned char *'} but argument is of type 'char *'
   58 | void UART_PRINT_TEXT(uint8_t* MSG);
      |                      ~~~~~~~~~^~~
../Core/Src/main.c:124:20: warning: pointer targets in passing argument 1 of 'UART_PRINT_TEXT' differ in signedness [-Wpointer-sign]
  124 |    UART_PRINT_TEXT("( ");
      |                    ^~~~
      |                    |
      |                    char *
../Core/Src/main.c:58:31: note: expected 'uint8_t *' {aka 'unsigned char *'} but argument is of type 'char *'
   58 | void UART_PRINT_TEXT(uint8_t* MSG);
      |                      ~~~~~~~~~^~~
../Core/Src/main.c:148:20: warning: pointer targets in passing argument 1 of 'UART_PRINT_TEXT' differ in signedness [-Wpointer-sign]
  148 |    UART_PRINT_TEXT(" )\n");
      |                    ^~~~~~
      |                    |
      |                    char *
../Core/Src/main.c:58:31: note: expected 'uint8_t *' {aka 'unsigned char *'} but argument is of type 'char *'
   58 | void UART_PRINT_TEXT(uint8_t* MSG);
      |                      ~~~~~~~~~^~~
../Core/Src/main.c:108:8: warning: unused variable 'zGyro' [-Wunused-variable]
  108 |  float zGyro = 0;
      |        ^~~~~
../Core/Src/main.c:107:8: warning: unused variable 'yGyro' [-Wunused-variable]
  107 |  float yGyro = 0;
      |        ^~~~~
../Core/Src/main.c:106:8: warning: unused variable 'xGyro' [-Wunused-variable]
  106 |  float xGyro = 0;
      |        ^~~~~
../Core/Src/main.c:105:8: warning: unused variable 'zMag' [-Wunused-variable]
  105 |  float zMag = 0;
      |        ^~~~
../Core/Src/main.c:104:8: warning: unused variable 'yMag' [-Wunused-variable]
  104 |  float yMag = 0;
      |        ^~~~
../Core/Src/main.c:103:8: warning: unused variable 'xMag' [-Wunused-variable]
  103 |  float xMag = 0;
      |        ^~~~
../Core/Src/main.c:102:8: warning: unused variable 'zAccel' [-Wunused-variable]
  102 |  float zAccel = 0;
      |        ^~~~~~
../Core/Src/main.c:101:8: warning: unused variable 'yAccel' [-Wunused-variable]
  101 |  float yAccel = 0;
      |        ^~~~~~
../Core/Src/main.c: In function 'UART_PRINT_VAL':
../Core/Src/main.c:333:2: warning: implicit declaration of function 'sprintf' [-Wimplicit-function-declaration]
  333 |  sprintf(total, "%i", (int)value);
      |  ^~~~~~~
../Core/Src/main.c:333:2: warning: incompatible implicit declaration of built-in function 'sprintf'
../Core/Src/main.c:25:1: note: include '<stdio.h>' or provide a declaration of 'sprintf'
   24 | #include<stdlib.h>
  +++ |+#include <stdio.h>
   25 | /* USER CODE END Includes */
../Core/Src/main.c:334:2: warning: implicit declaration of function 'strcat' [-Wimplicit-function-declaration]
  334 |  strcat(total, ".");
      |  ^~~~~~
../Core/Src/main.c:334:2: warning: incompatible implicit declaration of built-in function 'strcat'
../Core/Src/main.c:25:1: note: include '<string.h>' or provide a declaration of 'strcat'
   24 | #include<stdlib.h>
  +++ |+#include <string.h>
   25 | /* USER CODE END Includes */
../Core/Src/main.c:338:21: warning: implicit declaration of function 'log10' [-Wimplicit-function-declaration]
  338 |   repeat = 7 - (int)log10(val);
      |                     ^~~~~
../Core/Src/main.c:338:21: warning: incompatible implicit declaration of built-in function 'log10'
../Core/Src/main.c:25:1: note: include '<math.h>' or provide a declaration of 'log10'
   24 | #include<stdlib.h>
  +++ |+#include <math.h>
   25 | /* USER CODE END Includes */
../Core/Src/main.c:346:36: warning: implicit declaration of function 'strlen' [-Wimplicit-function-declaration]
  346 |  HAL_UART_Transmit(&huart2, total, strlen(total), 100);
      |                                    ^~~~~~
../Core/Src/main.c:346:36: warning: incompatible implicit declaration of built-in function 'strlen'
../Core/Src/main.c:346:36: note: include '<string.h>' or provide a declaration of 'strlen'
../Core/Src/main.c:346:29: warning: pointer targets in passing argument 2 of 'HAL_UART_Transmit' differ in signedness [-Wpointer-sign]
  346 |  HAL_UART_Transmit(&huart2, total, strlen(total), 100);
      |                             ^~~~~
      |                             |
      |                             char *
In file included from ../Core/Inc/stm32g4xx_hal_conf.h:348,
                 from ../Drivers/STM32G4xx_HAL_Driver/Inc/stm32g4xx_hal.h:29,
                 from ../Core/Inc/main.h:30,
                 from ../Core/Src/main.c:20:
../Drivers/STM32G4xx_HAL_Driver/Inc/stm32g4xx_hal_uart.h:1611:79: note: expected 'const uint8_t *' {aka 'const unsigned char *'} but argument is of type 'char *'
 1611 | HAL_StatusTypeDef HAL_UART_Transmit(UART_HandleTypeDef *huart, const uint8_t *pData, uint16_t Size, uint32_t Timeout);
      |                                                                ~~~~~~~~~~~~~~~^~~~~
../Core/Src/main.c: In function 'UART_PRINT_TEXT':
../Core/Src/main.c:349:34: warning: incompatible implicit declaration of built-in function 'strlen'
  349 |  HAL_UART_Transmit(&huart2, MSG, strlen(MSG), 100);
      |                                  ^~~~~~
../Core/Src/main.c:349:34: note: include '<string.h>' or provide a declaration of 'strlen'
../Core/Src/main.c:349:41: warning: pointer targets in passing argument 1 of 'strlen' differ in signedness [-Wpointer-sign]
  349 |  HAL_UART_Transmit(&huart2, MSG, strlen(MSG), 100);
      |                                         ^~~
      |                                         |
      |                                         uint8_t * {aka unsigned char *}
../Core/Src/main.c:349:41: note: expected 'const char *' but argument is of type 'uint8_t *' {aka 'unsigned char *'}
../Core/Src/main.c: In function 'UM7_GET_DATA':
../Core/Src/main.c:392:11: warning: variable 'value_frac' set but not used [-Wunused-but-set-variable]
  392 |  uint32_t value_frac = 0;
      |           ^~~~~~~~~~
../Core/Src/main.c:390:15: warning: unused variable 'side_effect' [-Wunused-variable]
  390 |  volatile int side_effect;
      |               ^~~~~~~~~~~
../Core/Src/main.c:389:8: warning: unused variable 'frac' [-Wunused-variable]
  389 |  float frac = 0;
      |        ^~~~
../Core/Src/main.c:388:8: warning: unused variable 'exp' [-Wunused-variable]
  388 |  float exp = 0;
      |        ^~~
arm-none-eabi-gcc -o "UM7.elf" @"objects.list"   -mcpu=cortex-m4 -T"/Users/madcloud123/Documents/GitHub/Rapid-ACDS-I2C-Data-Collection/UM7/STM32G431KBTX_FLASH.ld" --specs=nosys.specs -Wl,-Map="UM7.map" -Wl,--gc-sections -static --specs=nano.specs -mfpu=fpv4-sp-d16 -mfloat-abi=hard -mthumb -Wl,--start-group -lc -lm -Wl,--end-group
Finished building target: UM7.elf
 
arm-none-eabi-size   UM7.elf 
arm-none-eabi-objdump -h -S  UM7.elf  > "UM7.list"
   text	   data	    bss	    dec	    hex	filename
  22404	    120	   1832	  24356	   5f24	UM7.elf
Finished building: default.size.stdout
 
Finished building: UM7.list
 
22:02:50 **** Incremental Build of configuration Debug for project UM7 ****
make -j3 all 
arm-none-eabi-gcc "../Core/Src/main.c" -mcpu=cortex-m4 -std=gnu11 -g3 -DDEBUG -DUSE_HAL_DRIVER -DSTM32G431xx -c -I../Core/Inc -I../Drivers/STM32G4xx_HAL_Driver/Inc -I../Drivers/STM32G4xx_HAL_Driver/Inc/Legacy -I../Drivers/CMSIS/Device/ST/STM32G4xx/Include -I../Drivers/CMSIS/Include -O0 -ffunction-sections -fdata-sections -Wall -fstack-usage -fcyclomatic-complexity -MMD -MP -MF"Core/Src/main.d" -MT"Core/Src/main.o" --specs=nano.specs -mfpu=fpv4-sp-d16 -mfloat-abi=hard -mthumb -o "Core/Src/main.o"
../Core/Src/main.c: In function 'main':
../Core/Src/main.c:123:20: warning: pointer targets in passing argument 1 of 'UART_PRINT_TEXT' differ in signedness [-Wpointer-sign]
  123 |    UART_PRINT_TEXT("Accelerometer: ");
      |                    ^~~~~~~~~~~~~~~~~
      |                    |
      |                    char *
../Core/Src/main.c:58:31: note: expected 'uint8_t *' {aka 'unsigned char *'} but argument is of type 'char *'
   58 | void UART_PRINT_TEXT(uint8_t* MSG);
      |                      ~~~~~~~~~^~~
../Core/Src/main.c:124:20: warning: pointer targets in passing argument 1 of 'UART_PRINT_TEXT' differ in signedness [-Wpointer-sign]
  124 |    UART_PRINT_TEXT("( ");
      |                    ^~~~
      |                    |
      |                    char *
../Core/Src/main.c:58:31: note: expected 'uint8_t *' {aka 'unsigned char *'} but argument is of type 'char *'
   58 | void UART_PRINT_TEXT(uint8_t* MSG);
      |                      ~~~~~~~~~^~~
../Core/Src/main.c:148:20: warning: pointer targets in passing argument 1 of 'UART_PRINT_TEXT' differ in signedness [-Wpointer-sign]
  148 |    UART_PRINT_TEXT(" )\n");
      |                    ^~~~~~
      |                    |
      |                    char *
../Core/Src/main.c:58:31: note: expected 'uint8_t *' {aka 'unsigned char *'} but argument is of type 'char *'
   58 | void UART_PRINT_TEXT(uint8_t* MSG);
      |                      ~~~~~~~~~^~~
../Core/Src/main.c:108:8: warning: unused variable 'zGyro' [-Wunused-variable]
  108 |  float zGyro = 0;
      |        ^~~~~
../Core/Src/main.c:107:8: warning: unused variable 'yGyro' [-Wunused-variable]
  107 |  float yGyro = 0;
      |        ^~~~~
../Core/Src/main.c:106:8: warning: unused variable 'xGyro' [-Wunused-variable]
  106 |  float xGyro = 0;
      |        ^~~~~
../Core/Src/main.c:105:8: warning: unused variable 'zMag' [-Wunused-variable]
  105 |  float zMag = 0;
      |        ^~~~
../Core/Src/main.c:104:8: warning: unused variable 'yMag' [-Wunused-variable]
  104 |  float yMag = 0;
      |        ^~~~
../Core/Src/main.c:103:8: warning: unused variable 'xMag' [-Wunused-variable]
  103 |  float xMag = 0;
      |        ^~~~
../Core/Src/main.c:102:8: warning: unused variable 'zAccel' [-Wunused-variable]
  102 |  float zAccel = 0;
      |        ^~~~~~
../Core/Src/main.c:101:8: warning: unused variable 'yAccel' [-Wunused-variable]
  101 |  float yAccel = 0;
      |        ^~~~~~
../Core/Src/main.c: In function 'UART_PRINT_VAL':
../Core/Src/main.c:333:2: warning: implicit declaration of function 'sprintf' [-Wimplicit-function-declaration]
  333 |  sprintf(total, "%i", (int)value);
      |  ^~~~~~~
../Core/Src/main.c:333:2: warning: incompatible implicit declaration of built-in function 'sprintf'
../Core/Src/main.c:25:1: note: include '<stdio.h>' or provide a declaration of 'sprintf'
   24 | #include<stdlib.h>
  +++ |+#include <stdio.h>
   25 | /* USER CODE END Includes */
../Core/Src/main.c:334:2: warning: implicit declaration of function 'strcat' [-Wimplicit-function-declaration]
  334 |  strcat(total, ".");
      |  ^~~~~~
../Core/Src/main.c:334:2: warning: incompatible implicit declaration of built-in function 'strcat'
../Core/Src/main.c:25:1: note: include '<string.h>' or provide a declaration of 'strcat'
   24 | #include<stdlib.h>
  +++ |+#include <string.h>
   25 | /* USER CODE END Includes */
../Core/Src/main.c:338:21: warning: implicit declaration of function 'log10' [-Wimplicit-function-declaration]
  338 |   repeat = 5 - (int)log10(val);
      |                     ^~~~~
../Core/Src/main.c:338:21: warning: incompatible implicit declaration of built-in function 'log10'
../Core/Src/main.c:25:1: note: include '<math.h>' or provide a declaration of 'log10'
   24 | #include<stdlib.h>
  +++ |+#include <math.h>
   25 | /* USER CODE END Includes */
../Core/Src/main.c:346:36: warning: implicit declaration of function 'strlen' [-Wimplicit-function-declaration]
  346 |  HAL_UART_Transmit(&huart2, total, strlen(total), 100);
      |                                    ^~~~~~
../Core/Src/main.c:346:36: warning: incompatible implicit declaration of built-in function 'strlen'
../Core/Src/main.c:346:36: note: include '<string.h>' or provide a declaration of 'strlen'
../Core/Src/main.c:346:29: warning: pointer targets in passing argument 2 of 'HAL_UART_Transmit' differ in signedness [-Wpointer-sign]
  346 |  HAL_UART_Transmit(&huart2, total, strlen(total), 100);
      |                             ^~~~~
      |                             |
      |                             char *
In file included from ../Core/Inc/stm32g4xx_hal_conf.h:348,
                 from ../Drivers/STM32G4xx_HAL_Driver/Inc/stm32g4xx_hal.h:29,
                 from ../Core/Inc/main.h:30,
                 from ../Core/Src/main.c:20:
../Drivers/STM32G4xx_HAL_Driver/Inc/stm32g4xx_hal_uart.h:1611:79: note: expected 'const uint8_t *' {aka 'const unsigned char *'} but argument is of type 'char *'
 1611 | HAL_StatusTypeDef HAL_UART_Transmit(UART_HandleTypeDef *huart, const uint8_t *pData, uint16_t Size, uint32_t Timeout);
      |                                                                ~~~~~~~~~~~~~~~^~~~~
../Core/Src/main.c: In function 'UART_PRINT_TEXT':
../Core/Src/main.c:349:34: warning: incompatible implicit declaration of built-in function 'strlen'
  349 |  HAL_UART_Transmit(&huart2, MSG, strlen(MSG), 100);
      |                                  ^~~~~~
../Core/Src/main.c:349:34: note: include '<string.h>' or provide a declaration of 'strlen'
../Core/Src/main.c:349:41: warning: pointer targets in passing argument 1 of 'strlen' differ in signedness [-Wpointer-sign]
  349 |  HAL_UART_Transmit(&huart2, MSG, strlen(MSG), 100);
      |                                         ^~~
      |                                         |
      |                                         uint8_t * {aka unsigned char *}
../Core/Src/main.c:349:41: note: expected 'const char *' but argument is of type 'uint8_t *' {aka 'unsigned char *'}
../Core/Src/main.c: In function 'UM7_GET_DATA':
../Core/Src/main.c:392:11: warning: variable 'value_frac' set but not used [-Wunused-but-set-variable]
  392 |  uint32_t value_frac = 0;
      |           ^~~~~~~~~~
../Core/Src/main.c:390:15: warning: unused variable 'side_effect' [-Wunused-variable]
  390 |  volatile int side_effect;
      |               ^~~~~~~~~~~
../Core/Src/main.c:389:8: warning: unused variable 'frac' [-Wunused-variable]
  389 |  float frac = 0;
      |        ^~~~
../Core/Src/main.c:388:8: warning: unused variable 'exp' [-Wunused-variable]
  388 |  float exp = 0;
      |        ^~~
arm-none-eabi-gcc -o "UM7.elf" @"objects.list"   -mcpu=cortex-m4 -T"/Users/madcloud123/Documents/GitHub/Rapid-ACDS-I2C-Data-Collection/UM7/STM32G431KBTX_FLASH.ld" --specs=nosys.specs -Wl,-Map="UM7.map" -Wl,--gc-sections -static --specs=nano.specs -mfpu=fpv4-sp-d16 -mfloat-abi=hard -mthumb -Wl,--start-group -lc -lm -Wl,--end-group
Finished building target: UM7.elf
 
arm-none-eabi-size   UM7.elf 
arm-none-eabi-objdump -h -S  UM7.elf  > "UM7.list"
   text	   data	    bss	    dec	    hex	filename
  22404	    120	   1832	  24356	   5f24	UM7.elf
Finished building: default.size.stdout
 
Finished building: UM7.list
 
22:05:39 **** Incremental Build of configuration Debug for project UM7 ****
make -j3 all 
arm-none-eabi-gcc "../Core/Src/main.c" -mcpu=cortex-m4 -std=gnu11 -g3 -DDEBUG -DUSE_HAL_DRIVER -DSTM32G431xx -c -I../Core/Inc -I../Drivers/STM32G4xx_HAL_Driver/Inc -I../Drivers/STM32G4xx_HAL_Driver/Inc/Legacy -I../Drivers/CMSIS/Device/ST/STM32G4xx/Include -I../Drivers/CMSIS/Include -O0 -ffunction-sections -fdata-sections -Wall -fstack-usage -fcyclomatic-complexity -MMD -MP -MF"Core/Src/main.d" -MT"Core/Src/main.o" --specs=nano.specs -mfpu=fpv4-sp-d16 -mfloat-abi=hard -mthumb -o "Core/Src/main.o"
../Core/Src/main.c: In function 'main':
../Core/Src/main.c:123:20: warning: pointer targets in passing argument 1 of 'UART_PRINT_TEXT' differ in signedness [-Wpointer-sign]
  123 |    UART_PRINT_TEXT("Accelerometer: ");
      |                    ^~~~~~~~~~~~~~~~~
      |                    |
      |                    char *
../Core/Src/main.c:58:31: note: expected 'uint8_t *' {aka 'unsigned char *'} but argument is of type 'char *'
   58 | void UART_PRINT_TEXT(uint8_t* MSG);
      |                      ~~~~~~~~~^~~
../Core/Src/main.c:124:20: warning: pointer targets in passing argument 1 of 'UART_PRINT_TEXT' differ in signedness [-Wpointer-sign]
  124 |    UART_PRINT_TEXT("( ");
      |                    ^~~~
      |                    |
      |                    char *
../Core/Src/main.c:58:31: note: expected 'uint8_t *' {aka 'unsigned char *'} but argument is of type 'char *'
   58 | void UART_PRINT_TEXT(uint8_t* MSG);
      |                      ~~~~~~~~~^~~
../Core/Src/main.c:148:20: warning: pointer targets in passing argument 1 of 'UART_PRINT_TEXT' differ in signedness [-Wpointer-sign]
  148 |    UART_PRINT_TEXT(" )\n");
      |                    ^~~~~~
      |                    |
      |                    char *
../Core/Src/main.c:58:31: note: expected 'uint8_t *' {aka 'unsigned char *'} but argument is of type 'char *'
   58 | void UART_PRINT_TEXT(uint8_t* MSG);
      |                      ~~~~~~~~~^~~
../Core/Src/main.c:108:8: warning: unused variable 'zGyro' [-Wunused-variable]
  108 |  float zGyro = 0;
      |        ^~~~~
../Core/Src/main.c:107:8: warning: unused variable 'yGyro' [-Wunused-variable]
  107 |  float yGyro = 0;
      |        ^~~~~
../Core/Src/main.c:106:8: warning: unused variable 'xGyro' [-Wunused-variable]
  106 |  float xGyro = 0;
      |        ^~~~~
../Core/Src/main.c:105:8: warning: unused variable 'zMag' [-Wunused-variable]
  105 |  float zMag = 0;
      |        ^~~~
../Core/Src/main.c:104:8: warning: unused variable 'yMag' [-Wunused-variable]
  104 |  float yMag = 0;
      |        ^~~~
../Core/Src/main.c:103:8: warning: unused variable 'xMag' [-Wunused-variable]
  103 |  float xMag = 0;
      |        ^~~~
../Core/Src/main.c:102:8: warning: unused variable 'zAccel' [-Wunused-variable]
  102 |  float zAccel = 0;
      |        ^~~~~~
../Core/Src/main.c:101:8: warning: unused variable 'yAccel' [-Wunused-variable]
  101 |  float yAccel = 0;
      |        ^~~~~~
../Core/Src/main.c: In function 'UART_PRINT_VAL':
../Core/Src/main.c:333:2: warning: implicit declaration of function 'sprintf' [-Wimplicit-function-declaration]
  333 |  sprintf(total, "%i", (int)value);
      |  ^~~~~~~
../Core/Src/main.c:333:2: warning: incompatible implicit declaration of built-in function 'sprintf'
../Core/Src/main.c:25:1: note: include '<stdio.h>' or provide a declaration of 'sprintf'
   24 | #include<stdlib.h>
  +++ |+#include <stdio.h>
   25 | /* USER CODE END Includes */
../Core/Src/main.c:334:2: warning: implicit declaration of function 'strcat' [-Wimplicit-function-declaration]
  334 |  strcat(total, ".");
      |  ^~~~~~
../Core/Src/main.c:334:2: warning: incompatible implicit declaration of built-in function 'strcat'
../Core/Src/main.c:25:1: note: include '<string.h>' or provide a declaration of 'strcat'
   24 | #include<stdlib.h>
  +++ |+#include <string.h>
   25 | /* USER CODE END Includes */
../Core/Src/main.c:338:21: warning: implicit declaration of function 'log10' [-Wimplicit-function-declaration]
  338 |   repeat = 5 - (int)log10(val);
      |                     ^~~~~
../Core/Src/main.c:338:21: warning: incompatible implicit declaration of built-in function 'log10'
../Core/Src/main.c:25:1: note: include '<math.h>' or provide a declaration of 'log10'
   24 | #include<stdlib.h>
  +++ |+#include <math.h>
   25 | /* USER CODE END Includes */
../Core/Src/main.c:346:36: warning: implicit declaration of function 'strlen' [-Wimplicit-function-declaration]
  346 |  HAL_UART_Transmit(&huart2, total, strlen(total), 100);
      |                                    ^~~~~~
../Core/Src/main.c:346:36: warning: incompatible implicit declaration of built-in function 'strlen'
../Core/Src/main.c:346:36: note: include '<string.h>' or provide a declaration of 'strlen'
../Core/Src/main.c:346:29: warning: pointer targets in passing argument 2 of 'HAL_UART_Transmit' differ in signedness [-Wpointer-sign]
  346 |  HAL_UART_Transmit(&huart2, total, strlen(total), 100);
      |                             ^~~~~
      |                             |
      |                             char *
In file included from ../Core/Inc/stm32g4xx_hal_conf.h:348,
                 from ../Drivers/STM32G4xx_HAL_Driver/Inc/stm32g4xx_hal.h:29,
                 from ../Core/Inc/main.h:30,
                 from ../Core/Src/main.c:20:
../Drivers/STM32G4xx_HAL_Driver/Inc/stm32g4xx_hal_uart.h:1611:79: note: expected 'const uint8_t *' {aka 'const unsigned char *'} but argument is of type 'char *'
 1611 | HAL_StatusTypeDef HAL_UART_Transmit(UART_HandleTypeDef *huart, const uint8_t *pData, uint16_t Size, uint32_t Timeout);
      |                                                                ~~~~~~~~~~~~~~~^~~~~
../Core/Src/main.c: In function 'UART_PRINT_TEXT':
../Core/Src/main.c:349:34: warning: incompatible implicit declaration of built-in function 'strlen'
  349 |  HAL_UART_Transmit(&huart2, MSG, strlen(MSG), 100);
      |                                  ^~~~~~
../Core/Src/main.c:349:34: note: include '<string.h>' or provide a declaration of 'strlen'
../Core/Src/main.c:349:41: warning: pointer targets in passing argument 1 of 'strlen' differ in signedness [-Wpointer-sign]
  349 |  HAL_UART_Transmit(&huart2, MSG, strlen(MSG), 100);
      |                                         ^~~
      |                                         |
      |                                         uint8_t * {aka unsigned char *}
../Core/Src/main.c:349:41: note: expected 'const char *' but argument is of type 'uint8_t *' {aka 'unsigned char *'}
../Core/Src/main.c: In function 'UM7_GET_DATA':
../Core/Src/main.c:392:11: warning: variable 'value_frac' set but not used [-Wunused-but-set-variable]
  392 |  uint32_t value_frac = 0;
      |           ^~~~~~~~~~
../Core/Src/main.c:390:15: warning: unused variable 'side_effect' [-Wunused-variable]
  390 |  volatile int side_effect;
      |               ^~~~~~~~~~~
../Core/Src/main.c:389:8: warning: unused variable 'frac' [-Wunused-variable]
  389 |  float frac = 0;
      |        ^~~~
../Core/Src/main.c:388:8: warning: unused variable 'exp' [-Wunused-variable]
  388 |  float exp = 0;
      |        ^~~
arm-none-eabi-gcc -o "UM7.elf" @"objects.list"   -mcpu=cortex-m4 -T"/Users/madcloud123/Documents/GitHub/Rapid-ACDS-I2C-Data-Collection/UM7/STM32G431KBTX_FLASH.ld" --specs=nosys.specs -Wl,-Map="UM7.map" -Wl,--gc-sections -static --specs=nano.specs -mfpu=fpv4-sp-d16 -mfloat-abi=hard -mthumb -Wl,--start-group -lc -lm -Wl,--end-group
Finished building target: UM7.elf
 
arm-none-eabi-size   UM7.elf 
arm-none-eabi-objdump -h -S  UM7.elf  > "UM7.list"
   text	   data	    bss	    dec	    hex	filename
  22412	    120	   1832	  24364	   5f2c	UM7.elf
Finished building: default.size.stdout
 
Finished building: UM7.list
 
22:06:41 **** Incremental Build of configuration Debug for project UM7 ****
make -j3 all 
arm-none-eabi-gcc "../Core/Src/main.c" -mcpu=cortex-m4 -std=gnu11 -g3 -DDEBUG -DUSE_HAL_DRIVER -DSTM32G431xx -c -I../Core/Inc -I../Drivers/STM32G4xx_HAL_Driver/Inc -I../Drivers/STM32G4xx_HAL_Driver/Inc/Legacy -I../Drivers/CMSIS/Device/ST/STM32G4xx/Include -I../Drivers/CMSIS/Include -O0 -ffunction-sections -fdata-sections -Wall -fstack-usage -fcyclomatic-complexity -MMD -MP -MF"Core/Src/main.d" -MT"Core/Src/main.o" --specs=nano.specs -mfpu=fpv4-sp-d16 -mfloat-abi=hard -mthumb -o "Core/Src/main.o"
../Core/Src/main.c: In function 'main':
../Core/Src/main.c:123:20: warning: pointer targets in passing argument 1 of 'UART_PRINT_TEXT' differ in signedness [-Wpointer-sign]
  123 |    UART_PRINT_TEXT("Accelerometer: ");
      |                    ^~~~~~~~~~~~~~~~~
      |                    |
      |                    char *
../Core/Src/main.c:58:31: note: expected 'uint8_t *' {aka 'unsigned char *'} but argument is of type 'char *'
   58 | void UART_PRINT_TEXT(uint8_t* MSG);
      |                      ~~~~~~~~~^~~
../Core/Src/main.c:124:20: warning: pointer targets in passing argument 1 of 'UART_PRINT_TEXT' differ in signedness [-Wpointer-sign]
  124 |    UART_PRINT_TEXT("( ");
      |                    ^~~~
      |                    |
      |                    char *
../Core/Src/main.c:58:31: note: expected 'uint8_t *' {aka 'unsigned char *'} but argument is of type 'char *'
   58 | void UART_PRINT_TEXT(uint8_t* MSG);
      |                      ~~~~~~~~~^~~
../Core/Src/main.c:148:20: warning: pointer targets in passing argument 1 of 'UART_PRINT_TEXT' differ in signedness [-Wpointer-sign]
  148 |    UART_PRINT_TEXT(" )\n");
      |                    ^~~~~~
      |                    |
      |                    char *
../Core/Src/main.c:58:31: note: expected 'uint8_t *' {aka 'unsigned char *'} but argument is of type 'char *'
   58 | void UART_PRINT_TEXT(uint8_t* MSG);
      |                      ~~~~~~~~~^~~
../Core/Src/main.c:108:8: warning: unused variable 'zGyro' [-Wunused-variable]
  108 |  float zGyro = 0;
      |        ^~~~~
../Core/Src/main.c:107:8: warning: unused variable 'yGyro' [-Wunused-variable]
  107 |  float yGyro = 0;
      |        ^~~~~
../Core/Src/main.c:106:8: warning: unused variable 'xGyro' [-Wunused-variable]
  106 |  float xGyro = 0;
      |        ^~~~~
../Core/Src/main.c:105:8: warning: unused variable 'zMag' [-Wunused-variable]
  105 |  float zMag = 0;
      |        ^~~~
../Core/Src/main.c:104:8: warning: unused variable 'yMag' [-Wunused-variable]
  104 |  float yMag = 0;
      |        ^~~~
../Core/Src/main.c:103:8: warning: unused variable 'xMag' [-Wunused-variable]
  103 |  float xMag = 0;
      |        ^~~~
../Core/Src/main.c:102:8: warning: unused variable 'zAccel' [-Wunused-variable]
  102 |  float zAccel = 0;
      |        ^~~~~~
../Core/Src/main.c:101:8: warning: unused variable 'yAccel' [-Wunused-variable]
  101 |  float yAccel = 0;
      |        ^~~~~~
../Core/Src/main.c: In function 'UART_PRINT_VAL':
../Core/Src/main.c:333:2: warning: implicit declaration of function 'sprintf' [-Wimplicit-function-declaration]
  333 |  sprintf(total, "%i", (int)value);
      |  ^~~~~~~
../Core/Src/main.c:333:2: warning: incompatible implicit declaration of built-in function 'sprintf'
../Core/Src/main.c:25:1: note: include '<stdio.h>' or provide a declaration of 'sprintf'
   24 | #include<stdlib.h>
  +++ |+#include <stdio.h>
   25 | /* USER CODE END Includes */
../Core/Src/main.c:334:2: warning: implicit declaration of function 'strcat' [-Wimplicit-function-declaration]
  334 |  strcat(total, ".");
      |  ^~~~~~
../Core/Src/main.c:334:2: warning: incompatible implicit declaration of built-in function 'strcat'
../Core/Src/main.c:25:1: note: include '<string.h>' or provide a declaration of 'strcat'
   24 | #include<stdlib.h>
  +++ |+#include <string.h>
   25 | /* USER CODE END Includes */
../Core/Src/main.c:338:21: warning: implicit declaration of function 'log10' [-Wimplicit-function-declaration]
  338 |   repeat = 5 - (int)log10(val);
      |                     ^~~~~
../Core/Src/main.c:338:21: warning: incompatible implicit declaration of built-in function 'log10'
../Core/Src/main.c:25:1: note: include '<math.h>' or provide a declaration of 'log10'
   24 | #include<stdlib.h>
  +++ |+#include <math.h>
   25 | /* USER CODE END Includes */
../Core/Src/main.c:346:36: warning: implicit declaration of function 'strlen' [-Wimplicit-function-declaration]
  346 |  HAL_UART_Transmit(&huart2, total, strlen(total), 100);
      |                                    ^~~~~~
../Core/Src/main.c:346:36: warning: incompatible implicit declaration of built-in function 'strlen'
../Core/Src/main.c:346:36: note: include '<string.h>' or provide a declaration of 'strlen'
../Core/Src/main.c:346:29: warning: pointer targets in passing argument 2 of 'HAL_UART_Transmit' differ in signedness [-Wpointer-sign]
  346 |  HAL_UART_Transmit(&huart2, total, strlen(total), 100);
      |                             ^~~~~
      |                             |
      |                             char *
In file included from ../Core/Inc/stm32g4xx_hal_conf.h:348,
                 from ../Drivers/STM32G4xx_HAL_Driver/Inc/stm32g4xx_hal.h:29,
                 from ../Core/Inc/main.h:30,
                 from ../Core/Src/main.c:20:
../Drivers/STM32G4xx_HAL_Driver/Inc/stm32g4xx_hal_uart.h:1611:79: note: expected 'const uint8_t *' {aka 'const unsigned char *'} but argument is of type 'char *'
 1611 | HAL_StatusTypeDef HAL_UART_Transmit(UART_HandleTypeDef *huart, const uint8_t *pData, uint16_t Size, uint32_t Timeout);
      |                                                                ~~~~~~~~~~~~~~~^~~~~
../Core/Src/main.c: In function 'UART_PRINT_TEXT':
../Core/Src/main.c:349:34: warning: incompatible implicit declaration of built-in function 'strlen'
  349 |  HAL_UART_Transmit(&huart2, MSG, strlen(MSG), 100);
      |                                  ^~~~~~
../Core/Src/main.c:349:34: note: include '<string.h>' or provide a declaration of 'strlen'
../Core/Src/main.c:349:41: warning: pointer targets in passing argument 1 of 'strlen' differ in signedness [-Wpointer-sign]
  349 |  HAL_UART_Transmit(&huart2, MSG, strlen(MSG), 100);
      |                                         ^~~
      |                                         |
      |                                         uint8_t * {aka unsigned char *}
../Core/Src/main.c:349:41: note: expected 'const char *' but argument is of type 'uint8_t *' {aka 'unsigned char *'}
../Core/Src/main.c: In function 'UM7_GET_DATA':
../Core/Src/main.c:392:11: warning: variable 'value_frac' set but not used [-Wunused-but-set-variable]
  392 |  uint32_t value_frac = 0;
      |           ^~~~~~~~~~
../Core/Src/main.c:390:15: warning: unused variable 'side_effect' [-Wunused-variable]
  390 |  volatile int side_effect;
      |               ^~~~~~~~~~~
../Core/Src/main.c:389:8: warning: unused variable 'frac' [-Wunused-variable]
  389 |  float frac = 0;
      |        ^~~~
../Core/Src/main.c:388:8: warning: unused variable 'exp' [-Wunused-variable]
  388 |  float exp = 0;
      |        ^~~
arm-none-eabi-gcc -o "UM7.elf" @"objects.list"   -mcpu=cortex-m4 -T"/Users/madcloud123/Documents/GitHub/Rapid-ACDS-I2C-Data-Collection/UM7/STM32G431KBTX_FLASH.ld" --specs=nosys.specs -Wl,-Map="UM7.map" -Wl,--gc-sections -static --specs=nano.specs -mfpu=fpv4-sp-d16 -mfloat-abi=hard -mthumb -Wl,--start-group -lc -lm -Wl,--end-group
Finished building target: UM7.elf
 
arm-none-eabi-size   UM7.elf 
arm-none-eabi-objdump -h -S  UM7.elf  > "UM7.list"
   text	   data	    bss	    dec	    hex	filename
  22412	    120	   1832	  24364	   5f2c	UM7.elf
Finished building: default.size.stdout
 
Finished building: UM7.list
 
22:23:02 **** Incremental Build of configuration Debug for project UM7 ****
make -j3 all 
arm-none-eabi-gcc "../Core/Src/main.c" -mcpu=cortex-m4 -std=gnu11 -g3 -DDEBUG -DUSE_HAL_DRIVER -DSTM32G431xx -c -I../Core/Inc -I../Drivers/STM32G4xx_HAL_Driver/Inc -I../Drivers/STM32G4xx_HAL_Driver/Inc/Legacy -I../Drivers/CMSIS/Device/ST/STM32G4xx/Include -I../Drivers/CMSIS/Include -O0 -ffunction-sections -fdata-sections -Wall -fstack-usage -fcyclomatic-complexity -MMD -MP -MF"Core/Src/main.d" -MT"Core/Src/main.o" --specs=nano.specs -mfpu=fpv4-sp-d16 -mfloat-abi=hard -mthumb -o "Core/Src/main.o"
../Core/Src/main.c: In function 'main':
../Core/Src/main.c:123:20: warning: pointer targets in passing argument 1 of 'UART_PRINT_TEXT' differ in signedness [-Wpointer-sign]
  123 |    UART_PRINT_TEXT("Accelerometer: ");
      |                    ^~~~~~~~~~~~~~~~~
      |                    |
      |                    char *
../Core/Src/main.c:58:31: note: expected 'uint8_t *' {aka 'unsigned char *'} but argument is of type 'char *'
   58 | void UART_PRINT_TEXT(uint8_t* MSG);
      |                      ~~~~~~~~~^~~
../Core/Src/main.c:124:20: warning: pointer targets in passing argument 1 of 'UART_PRINT_TEXT' differ in signedness [-Wpointer-sign]
  124 |    UART_PRINT_TEXT("( ");
      |                    ^~~~
      |                    |
      |                    char *
../Core/Src/main.c:58:31: note: expected 'uint8_t *' {aka 'unsigned char *'} but argument is of type 'char *'
   58 | void UART_PRINT_TEXT(uint8_t* MSG);
      |                      ~~~~~~~~~^~~
../Core/Src/main.c:148:20: warning: pointer targets in passing argument 1 of 'UART_PRINT_TEXT' differ in signedness [-Wpointer-sign]
  148 |    UART_PRINT_TEXT(" )\n");
      |                    ^~~~~~
      |                    |
      |                    char *
../Core/Src/main.c:58:31: note: expected 'uint8_t *' {aka 'unsigned char *'} but argument is of type 'char *'
   58 | void UART_PRINT_TEXT(uint8_t* MSG);
      |                      ~~~~~~~~~^~~
../Core/Src/main.c:108:8: warning: unused variable 'zGyro' [-Wunused-variable]
  108 |  float zGyro = 0;
      |        ^~~~~
../Core/Src/main.c:107:8: warning: unused variable 'yGyro' [-Wunused-variable]
  107 |  float yGyro = 0;
      |        ^~~~~
../Core/Src/main.c:106:8: warning: unused variable 'xGyro' [-Wunused-variable]
  106 |  float xGyro = 0;
      |        ^~~~~
../Core/Src/main.c:105:8: warning: unused variable 'zMag' [-Wunused-variable]
  105 |  float zMag = 0;
      |        ^~~~
../Core/Src/main.c:104:8: warning: unused variable 'yMag' [-Wunused-variable]
  104 |  float yMag = 0;
      |        ^~~~
../Core/Src/main.c:103:8: warning: unused variable 'xMag' [-Wunused-variable]
  103 |  float xMag = 0;
      |        ^~~~
../Core/Src/main.c:102:8: warning: unused variable 'zAccel' [-Wunused-variable]
  102 |  float zAccel = 0;
      |        ^~~~~~
../Core/Src/main.c:101:8: warning: unused variable 'yAccel' [-Wunused-variable]
  101 |  float yAccel = 0;
      |        ^~~~~~
../Core/Src/main.c: In function 'UART_PRINT_VAL':
../Core/Src/main.c:333:2: warning: implicit declaration of function 'sprintf' [-Wimplicit-function-declaration]
  333 |  sprintf(total, "%i", (int)value);
      |  ^~~~~~~
../Core/Src/main.c:333:2: warning: incompatible implicit declaration of built-in function 'sprintf'
../Core/Src/main.c:25:1: note: include '<stdio.h>' or provide a declaration of 'sprintf'
   24 | #include<stdlib.h>
  +++ |+#include <stdio.h>
   25 | /* USER CODE END Includes */
../Core/Src/main.c:334:2: warning: implicit declaration of function 'strcat' [-Wimplicit-function-declaration]
  334 |  strcat(total, ".");
      |  ^~~~~~
../Core/Src/main.c:334:2: warning: incompatible implicit declaration of built-in function 'strcat'
../Core/Src/main.c:25:1: note: include '<string.h>' or provide a declaration of 'strcat'
   24 | #include<stdlib.h>
  +++ |+#include <string.h>
   25 | /* USER CODE END Includes */
../Core/Src/main.c:338:21: warning: implicit declaration of function 'log10' [-Wimplicit-function-declaration]
  338 |   repeat = 5 - (int)log10(val);
      |                     ^~~~~
../Core/Src/main.c:338:21: warning: incompatible implicit declaration of built-in function 'log10'
../Core/Src/main.c:25:1: note: include '<math.h>' or provide a declaration of 'log10'
   24 | #include<stdlib.h>
  +++ |+#include <math.h>
   25 | /* USER CODE END Includes */
../Core/Src/main.c:346:36: warning: implicit declaration of function 'strlen' [-Wimplicit-function-declaration]
  346 |  HAL_UART_Transmit(&huart2, total, strlen(total), 100);
      |                                    ^~~~~~
../Core/Src/main.c:346:36: warning: incompatible implicit declaration of built-in function 'strlen'
../Core/Src/main.c:346:36: note: include '<string.h>' or provide a declaration of 'strlen'
../Core/Src/main.c:346:29: warning: pointer targets in passing argument 2 of 'HAL_UART_Transmit' differ in signedness [-Wpointer-sign]
  346 |  HAL_UART_Transmit(&huart2, total, strlen(total), 100);
      |                             ^~~~~
      |                             |
      |                             char *
In file included from ../Core/Inc/stm32g4xx_hal_conf.h:348,
                 from ../Drivers/STM32G4xx_HAL_Driver/Inc/stm32g4xx_hal.h:29,
                 from ../Core/Inc/main.h:30,
                 from ../Core/Src/main.c:20:
../Drivers/STM32G4xx_HAL_Driver/Inc/stm32g4xx_hal_uart.h:1611:79: note: expected 'const uint8_t *' {aka 'const unsigned char *'} but argument is of type 'char *'
 1611 | HAL_StatusTypeDef HAL_UART_Transmit(UART_HandleTypeDef *huart, const uint8_t *pData, uint16_t Size, uint32_t Timeout);
      |                                                                ~~~~~~~~~~~~~~~^~~~~
../Core/Src/main.c: In function 'UART_PRINT_TEXT':
../Core/Src/main.c:349:34: warning: incompatible implicit declaration of built-in function 'strlen'
  349 |  HAL_UART_Transmit(&huart2, MSG, strlen(MSG), 100);
      |                                  ^~~~~~
../Core/Src/main.c:349:34: note: include '<string.h>' or provide a declaration of 'strlen'
../Core/Src/main.c:349:41: warning: pointer targets in passing argument 1 of 'strlen' differ in signedness [-Wpointer-sign]
  349 |  HAL_UART_Transmit(&huart2, MSG, strlen(MSG), 100);
      |                                         ^~~
      |                                         |
      |                                         uint8_t * {aka unsigned char *}
../Core/Src/main.c:349:41: note: expected 'const char *' but argument is of type 'uint8_t *' {aka 'unsigned char *'}
../Core/Src/main.c: In function 'UM7_GET_DATA':
../Core/Src/main.c:396:11: warning: variable 'value_frac' set but not used [-Wunused-but-set-variable]
  396 |  uint32_t value_frac = 0;
      |           ^~~~~~~~~~
../Core/Src/main.c:394:15: warning: unused variable 'side_effect' [-Wunused-variable]
  394 |  volatile int side_effect;
      |               ^~~~~~~~~~~
../Core/Src/main.c:393:8: warning: unused variable 'frac' [-Wunused-variable]
  393 |  float frac = 0;
      |        ^~~~
../Core/Src/main.c:392:8: warning: unused variable 'exp' [-Wunused-variable]
  392 |  float exp = 0;
      |        ^~~
arm-none-eabi-gcc -o "UM7.elf" @"objects.list"   -mcpu=cortex-m4 -T"/Users/madcloud123/Documents/GitHub/Rapid-ACDS-I2C-Data-Collection/UM7/STM32G431KBTX_FLASH.ld" --specs=nosys.specs -Wl,-Map="UM7.map" -Wl,--gc-sections -static --specs=nano.specs -mfpu=fpv4-sp-d16 -mfloat-abi=hard -mthumb -Wl,--start-group -lc -lm -Wl,--end-group
Finished building target: UM7.elf
 
arm-none-eabi-size   UM7.elf 
arm-none-eabi-objdump -h -S  UM7.elf  > "UM7.list"
   text	   data	    bss	    dec	    hex	filename
  22428	    120	   1832	  24380	   5f3c	UM7.elf
Finished building: default.size.stdout
 
Finished building: UM7.list
 
22:29:14 **** Incremental Build of configuration Debug for project UM7 ****
make -j3 all 
arm-none-eabi-size   UM7.elf 
   text	   data	    bss	    dec	    hex	filename
  22428	    120	   1832	  24380	   5f3c	UM7.elf
Finished building: default.size.stdout
 
22:33:12 **** Incremental Build of configuration Debug for project UM7 ****
make -j3 all 
arm-none-eabi-gcc "../Core/Src/main.c" -mcpu=cortex-m4 -std=gnu11 -g3 -DDEBUG -DUSE_HAL_DRIVER -DSTM32G431xx -c -I../Core/Inc -I../Drivers/STM32G4xx_HAL_Driver/Inc -I../Drivers/STM32G4xx_HAL_Driver/Inc/Legacy -I../Drivers/CMSIS/Device/ST/STM32G4xx/Include -I../Drivers/CMSIS/Include -O0 -ffunction-sections -fdata-sections -Wall -fstack-usage -fcyclomatic-complexity -MMD -MP -MF"Core/Src/main.d" -MT"Core/Src/main.o" --specs=nano.specs -mfpu=fpv4-sp-d16 -mfloat-abi=hard -mthumb -o "Core/Src/main.o"
../Core/Src/main.c: In function 'main':
../Core/Src/main.c:123:20: warning: pointer targets in passing argument 1 of 'UART_PRINT_TEXT' differ in signedness [-Wpointer-sign]
  123 |    UART_PRINT_TEXT("Accelerometer: ");
      |                    ^~~~~~~~~~~~~~~~~
      |                    |
      |                    char *
../Core/Src/main.c:58:31: note: expected 'uint8_t *' {aka 'unsigned char *'} but argument is of type 'char *'
   58 | void UART_PRINT_TEXT(uint8_t* MSG);
      |                      ~~~~~~~~~^~~
../Core/Src/main.c:124:20: warning: pointer targets in passing argument 1 of 'UART_PRINT_TEXT' differ in signedness [-Wpointer-sign]
  124 |    UART_PRINT_TEXT("( ");
      |                    ^~~~
      |                    |
      |                    char *
../Core/Src/main.c:58:31: note: expected 'uint8_t *' {aka 'unsigned char *'} but argument is of type 'char *'
   58 | void UART_PRINT_TEXT(uint8_t* MSG);
      |                      ~~~~~~~~~^~~
../Core/Src/main.c:148:20: warning: pointer targets in passing argument 1 of 'UART_PRINT_TEXT' differ in signedness [-Wpointer-sign]
  148 |    UART_PRINT_TEXT(" )\n");
      |                    ^~~~~~
      |                    |
      |                    char *
../Core/Src/main.c:58:31: note: expected 'uint8_t *' {aka 'unsigned char *'} but argument is of type 'char *'
   58 | void UART_PRINT_TEXT(uint8_t* MSG);
      |                      ~~~~~~~~~^~~
../Core/Src/main.c:108:8: warning: unused variable 'zGyro' [-Wunused-variable]
  108 |  float zGyro = 0;
      |        ^~~~~
../Core/Src/main.c:107:8: warning: unused variable 'yGyro' [-Wunused-variable]
  107 |  float yGyro = 0;
      |        ^~~~~
../Core/Src/main.c:106:8: warning: unused variable 'xGyro' [-Wunused-variable]
  106 |  float xGyro = 0;
      |        ^~~~~
../Core/Src/main.c:105:8: warning: unused variable 'zMag' [-Wunused-variable]
  105 |  float zMag = 0;
      |        ^~~~
../Core/Src/main.c:104:8: warning: unused variable 'yMag' [-Wunused-variable]
  104 |  float yMag = 0;
      |        ^~~~
../Core/Src/main.c:103:8: warning: unused variable 'xMag' [-Wunused-variable]
  103 |  float xMag = 0;
      |        ^~~~
../Core/Src/main.c:102:8: warning: unused variable 'zAccel' [-Wunused-variable]
  102 |  float zAccel = 0;
      |        ^~~~~~
../Core/Src/main.c:101:8: warning: unused variable 'yAccel' [-Wunused-variable]
  101 |  float yAccel = 0;
      |        ^~~~~~
../Core/Src/main.c: In function 'UART_PRINT_VAL':
../Core/Src/main.c:333:2: warning: implicit declaration of function 'sprintf' [-Wimplicit-function-declaration]
  333 |  sprintf(total, "%i", (int)value);
      |  ^~~~~~~
../Core/Src/main.c:333:2: warning: incompatible implicit declaration of built-in function 'sprintf'
../Core/Src/main.c:25:1: note: include '<stdio.h>' or provide a declaration of 'sprintf'
   24 | #include<stdlib.h>
  +++ |+#include <stdio.h>
   25 | /* USER CODE END Includes */
../Core/Src/main.c:334:2: warning: implicit declaration of function 'strcat' [-Wimplicit-function-declaration]
  334 |  strcat(total, ".");
      |  ^~~~~~
../Core/Src/main.c:334:2: warning: incompatible implicit declaration of built-in function 'strcat'
../Core/Src/main.c:25:1: note: include '<string.h>' or provide a declaration of 'strcat'
   24 | #include<stdlib.h>
  +++ |+#include <string.h>
   25 | /* USER CODE END Includes */
../Core/Src/main.c:338:21: warning: implicit declaration of function 'log10' [-Wimplicit-function-declaration]
  338 |   repeat = 5 - (int)log10(val);
      |                     ^~~~~
../Core/Src/main.c:338:21: warning: incompatible implicit declaration of built-in function 'log10'
../Core/Src/main.c:25:1: note: include '<math.h>' or provide a declaration of 'log10'
   24 | #include<stdlib.h>
  +++ |+#include <math.h>
   25 | /* USER CODE END Includes */
../Core/Src/main.c:346:36: warning: implicit declaration of function 'strlen' [-Wimplicit-function-declaration]
  346 |  HAL_UART_Transmit(&huart2, total, strlen(total), 100);
      |                                    ^~~~~~
../Core/Src/main.c:346:36: warning: incompatible implicit declaration of built-in function 'strlen'
../Core/Src/main.c:346:36: note: include '<string.h>' or provide a declaration of 'strlen'
../Core/Src/main.c:346:29: warning: pointer targets in passing argument 2 of 'HAL_UART_Transmit' differ in signedness [-Wpointer-sign]
  346 |  HAL_UART_Transmit(&huart2, total, strlen(total), 100);
      |                             ^~~~~
      |                             |
      |                             char *
In file included from ../Core/Inc/stm32g4xx_hal_conf.h:348,
                 from ../Drivers/STM32G4xx_HAL_Driver/Inc/stm32g4xx_hal.h:29,
                 from ../Core/Inc/main.h:30,
                 from ../Core/Src/main.c:20:
../Drivers/STM32G4xx_HAL_Driver/Inc/stm32g4xx_hal_uart.h:1611:79: note: expected 'const uint8_t *' {aka 'const unsigned char *'} but argument is of type 'char *'
 1611 | HAL_StatusTypeDef HAL_UART_Transmit(UART_HandleTypeDef *huart, const uint8_t *pData, uint16_t Size, uint32_t Timeout);
      |                                                                ~~~~~~~~~~~~~~~^~~~~
../Core/Src/main.c: In function 'UART_PRINT_TEXT':
../Core/Src/main.c:349:34: warning: incompatible implicit declaration of built-in function 'strlen'
  349 |  HAL_UART_Transmit(&huart2, MSG, strlen(MSG), 100);
      |                                  ^~~~~~
../Core/Src/main.c:349:34: note: include '<string.h>' or provide a declaration of 'strlen'
../Core/Src/main.c:349:41: warning: pointer targets in passing argument 1 of 'strlen' differ in signedness [-Wpointer-sign]
  349 |  HAL_UART_Transmit(&huart2, MSG, strlen(MSG), 100);
      |                                         ^~~
      |                                         |
      |                                         uint8_t * {aka unsigned char *}
../Core/Src/main.c:349:41: note: expected 'const char *' but argument is of type 'uint8_t *' {aka 'unsigned char *'}
../Core/Src/main.c: In function 'UM7_GET_DATA':
../Core/Src/main.c:396:11: warning: unused variable 'value_frac' [-Wunused-variable]
  396 |  uint32_t value_frac = 0;
      |           ^~~~~~~~~~
../Core/Src/main.c:395:11: warning: unused variable 'value_exp' [-Wunused-variable]
  395 |  uint32_t value_exp = 0;
      |           ^~~~~~~~~
../Core/Src/main.c:394:15: warning: unused variable 'side_effect' [-Wunused-variable]
  394 |  volatile int side_effect;
      |               ^~~~~~~~~~~
../Core/Src/main.c:393:8: warning: unused variable 'frac' [-Wunused-variable]
  393 |  float frac = 0;
      |        ^~~~
../Core/Src/main.c:392:8: warning: unused variable 'exp' [-Wunused-variable]
  392 |  float exp = 0;
      |        ^~~
arm-none-eabi-gcc -o "UM7.elf" @"objects.list"   -mcpu=cortex-m4 -T"/Users/madcloud123/Documents/GitHub/Rapid-ACDS-I2C-Data-Collection/UM7/STM32G431KBTX_FLASH.ld" --specs=nosys.specs -Wl,-Map="UM7.map" -Wl,--gc-sections -static --specs=nano.specs -mfpu=fpv4-sp-d16 -mfloat-abi=hard -mthumb -Wl,--start-group -lc -lm -Wl,--end-group
Finished building target: UM7.elf
 
arm-none-eabi-size   UM7.elf 
arm-none-eabi-objdump -h -S  UM7.elf  > "UM7.list"
   text	   data	    bss	    dec	    hex	filename
  22268	    120	   1832	  24220	   5e9c	UM7.elf
Finished building: default.size.stdout
 
Finished building: UM7.list
 
22:48:15 **** Incremental Build of configuration Debug for project UM7 ****
make -j3 all 
arm-none-eabi-gcc "../Drivers/STM32G4xx_HAL_Driver/Src/stm32g4xx_hal.c" -mcpu=cortex-m4 -std=gnu11 -g3 -DDEBUG -DUSE_HAL_DRIVER -DSTM32G431xx -c -I../Core/Inc -I../Drivers/STM32G4xx_HAL_Driver/Inc -I../Drivers/STM32G4xx_HAL_Driver/Inc/Legacy -I../Drivers/CMSIS/Device/ST/STM32G4xx/Include -I../Drivers/CMSIS/Include -O0 -ffunction-sections -fdata-sections -Wall -fstack-usage -fcyclomatic-complexity -MMD -MP -MF"Drivers/STM32G4xx_HAL_Driver/Src/stm32g4xx_hal.d" -MT"Drivers/STM32G4xx_HAL_Driver/Src/stm32g4xx_hal.o" --specs=nano.specs -mfpu=fpv4-sp-d16 -mfloat-abi=hard -mthumb -o "Drivers/STM32G4xx_HAL_Driver/Src/stm32g4xx_hal.o"
arm-none-eabi-gcc "../Drivers/STM32G4xx_HAL_Driver/Src/stm32g4xx_hal_cortex.c" -mcpu=cortex-m4 -std=gnu11 -g3 -DDEBUG -DUSE_HAL_DRIVER -DSTM32G431xx -c -I../Core/Inc -I../Drivers/STM32G4xx_HAL_Driver/Inc -I../Drivers/STM32G4xx_HAL_Driver/Inc/Legacy -I../Drivers/CMSIS/Device/ST/STM32G4xx/Include -I../Drivers/CMSIS/Include -O0 -ffunction-sections -fdata-sections -Wall -fstack-usage -fcyclomatic-complexity -MMD -MP -MF"Drivers/STM32G4xx_HAL_Driver/Src/stm32g4xx_hal_cortex.d" -MT"Drivers/STM32G4xx_HAL_Driver/Src/stm32g4xx_hal_cortex.o" --specs=nano.specs -mfpu=fpv4-sp-d16 -mfloat-abi=hard -mthumb -o "Drivers/STM32G4xx_HAL_Driver/Src/stm32g4xx_hal_cortex.o"
arm-none-eabi-gcc "../Drivers/STM32G4xx_HAL_Driver/Src/stm32g4xx_hal_dma.c" -mcpu=cortex-m4 -std=gnu11 -g3 -DDEBUG -DUSE_HAL_DRIVER -DSTM32G431xx -c -I../Core/Inc -I../Drivers/STM32G4xx_HAL_Driver/Inc -I../Drivers/STM32G4xx_HAL_Driver/Inc/Legacy -I../Drivers/CMSIS/Device/ST/STM32G4xx/Include -I../Drivers/CMSIS/Include -O0 -ffunction-sections -fdata-sections -Wall -fstack-usage -fcyclomatic-complexity -MMD -MP -MF"Drivers/STM32G4xx_HAL_Driver/Src/stm32g4xx_hal_dma.d" -MT"Drivers/STM32G4xx_HAL_Driver/Src/stm32g4xx_hal_dma.o" --specs=nano.specs -mfpu=fpv4-sp-d16 -mfloat-abi=hard -mthumb -o "Drivers/STM32G4xx_HAL_Driver/Src/stm32g4xx_hal_dma.o"
arm-none-eabi-gcc "../Drivers/STM32G4xx_HAL_Driver/Src/stm32g4xx_hal_dma_ex.c" -mcpu=cortex-m4 -std=gnu11 -g3 -DDEBUG -DUSE_HAL_DRIVER -DSTM32G431xx -c -I../Core/Inc -I../Drivers/STM32G4xx_HAL_Driver/Inc -I../Drivers/STM32G4xx_HAL_Driver/Inc/Legacy -I../Drivers/CMSIS/Device/ST/STM32G4xx/Include -I../Drivers/CMSIS/Include -O0 -ffunction-sections -fdata-sections -Wall -fstack-usage -fcyclomatic-complexity -MMD -MP -MF"Drivers/STM32G4xx_HAL_Driver/Src/stm32g4xx_hal_dma_ex.d" -MT"Drivers/STM32G4xx_HAL_Driver/Src/stm32g4xx_hal_dma_ex.o" --specs=nano.specs -mfpu=fpv4-sp-d16 -mfloat-abi=hard -mthumb -o "Drivers/STM32G4xx_HAL_Driver/Src/stm32g4xx_hal_dma_ex.o"
arm-none-eabi-gcc "../Drivers/STM32G4xx_HAL_Driver/Src/stm32g4xx_hal_exti.c" -mcpu=cortex-m4 -std=gnu11 -g3 -DDEBUG -DUSE_HAL_DRIVER -DSTM32G431xx -c -I../Core/Inc -I../Drivers/STM32G4xx_HAL_Driver/Inc -I../Drivers/STM32G4xx_HAL_Driver/Inc/Legacy -I../Drivers/CMSIS/Device/ST/STM32G4xx/Include -I../Drivers/CMSIS/Include -O0 -ffunction-sections -fdata-sections -Wall -fstack-usage -fcyclomatic-complexity -MMD -MP -MF"Drivers/STM32G4xx_HAL_Driver/Src/stm32g4xx_hal_exti.d" -MT"Drivers/STM32G4xx_HAL_Driver/Src/stm32g4xx_hal_exti.o" --specs=nano.specs -mfpu=fpv4-sp-d16 -mfloat-abi=hard -mthumb -o "Drivers/STM32G4xx_HAL_Driver/Src/stm32g4xx_hal_exti.o"
arm-none-eabi-gcc "../Drivers/STM32G4xx_HAL_Driver/Src/stm32g4xx_hal_flash.c" -mcpu=cortex-m4 -std=gnu11 -g3 -DDEBUG -DUSE_HAL_DRIVER -DSTM32G431xx -c -I../Core/Inc -I../Drivers/STM32G4xx_HAL_Driver/Inc -I../Drivers/STM32G4xx_HAL_Driver/Inc/Legacy -I../Drivers/CMSIS/Device/ST/STM32G4xx/Include -I../Drivers/CMSIS/Include -O0 -ffunction-sections -fdata-sections -Wall -fstack-usage -fcyclomatic-complexity -MMD -MP -MF"Drivers/STM32G4xx_HAL_Driver/Src/stm32g4xx_hal_flash.d" -MT"Drivers/STM32G4xx_HAL_Driver/Src/stm32g4xx_hal_flash.o" --specs=nano.specs -mfpu=fpv4-sp-d16 -mfloat-abi=hard -mthumb -o "Drivers/STM32G4xx_HAL_Driver/Src/stm32g4xx_hal_flash.o"
arm-none-eabi-gcc "../Drivers/STM32G4xx_HAL_Driver/Src/stm32g4xx_hal_flash_ex.c" -mcpu=cortex-m4 -std=gnu11 -g3 -DDEBUG -DUSE_HAL_DRIVER -DSTM32G431xx -c -I../Core/Inc -I../Drivers/STM32G4xx_HAL_Driver/Inc -I../Drivers/STM32G4xx_HAL_Driver/Inc/Legacy -I../Drivers/CMSIS/Device/ST/STM32G4xx/Include -I../Drivers/CMSIS/Include -O0 -ffunction-sections -fdata-sections -Wall -fstack-usage -fcyclomatic-complexity -MMD -MP -MF"Drivers/STM32G4xx_HAL_Driver/Src/stm32g4xx_hal_flash_ex.d" -MT"Drivers/STM32G4xx_HAL_Driver/Src/stm32g4xx_hal_flash_ex.o" --specs=nano.specs -mfpu=fpv4-sp-d16 -mfloat-abi=hard -mthumb -o "Drivers/STM32G4xx_HAL_Driver/Src/stm32g4xx_hal_flash_ex.o"
arm-none-eabi-gcc "../Drivers/STM32G4xx_HAL_Driver/Src/stm32g4xx_hal_flash_ramfunc.c" -mcpu=cortex-m4 -std=gnu11 -g3 -DDEBUG -DUSE_HAL_DRIVER -DSTM32G431xx -c -I../Core/Inc -I../Drivers/STM32G4xx_HAL_Driver/Inc -I../Drivers/STM32G4xx_HAL_Driver/Inc/Legacy -I../Drivers/CMSIS/Device/ST/STM32G4xx/Include -I../Drivers/CMSIS/Include -O0 -ffunction-sections -fdata-sections -Wall -fstack-usage -fcyclomatic-complexity -MMD -MP -MF"Drivers/STM32G4xx_HAL_Driver/Src/stm32g4xx_hal_flash_ramfunc.d" -MT"Drivers/STM32G4xx_HAL_Driver/Src/stm32g4xx_hal_flash_ramfunc.o" --specs=nano.specs -mfpu=fpv4-sp-d16 -mfloat-abi=hard -mthumb -o "Drivers/STM32G4xx_HAL_Driver/Src/stm32g4xx_hal_flash_ramfunc.o"
arm-none-eabi-gcc "../Drivers/STM32G4xx_HAL_Driver/Src/stm32g4xx_hal_gpio.c" -mcpu=cortex-m4 -std=gnu11 -g3 -DDEBUG -DUSE_HAL_DRIVER -DSTM32G431xx -c -I../Core/Inc -I../Drivers/STM32G4xx_HAL_Driver/Inc -I../Drivers/STM32G4xx_HAL_Driver/Inc/Legacy -I../Drivers/CMSIS/Device/ST/STM32G4xx/Include -I../Drivers/CMSIS/Include -O0 -ffunction-sections -fdata-sections -Wall -fstack-usage -fcyclomatic-complexity -MMD -MP -MF"Drivers/STM32G4xx_HAL_Driver/Src/stm32g4xx_hal_gpio.d" -MT"Drivers/STM32G4xx_HAL_Driver/Src/stm32g4xx_hal_gpio.o" --specs=nano.specs -mfpu=fpv4-sp-d16 -mfloat-abi=hard -mthumb -o "Drivers/STM32G4xx_HAL_Driver/Src/stm32g4xx_hal_gpio.o"
arm-none-eabi-gcc "../Drivers/STM32G4xx_HAL_Driver/Src/stm32g4xx_hal_pwr.c" -mcpu=cortex-m4 -std=gnu11 -g3 -DDEBUG -DUSE_HAL_DRIVER -DSTM32G431xx -c -I../Core/Inc -I../Drivers/STM32G4xx_HAL_Driver/Inc -I../Drivers/STM32G4xx_HAL_Driver/Inc/Legacy -I../Drivers/CMSIS/Device/ST/STM32G4xx/Include -I../Drivers/CMSIS/Include -O0 -ffunction-sections -fdata-sections -Wall -fstack-usage -fcyclomatic-complexity -MMD -MP -MF"Drivers/STM32G4xx_HAL_Driver/Src/stm32g4xx_hal_pwr.d" -MT"Drivers/STM32G4xx_HAL_Driver/Src/stm32g4xx_hal_pwr.o" --specs=nano.specs -mfpu=fpv4-sp-d16 -mfloat-abi=hard -mthumb -o "Drivers/STM32G4xx_HAL_Driver/Src/stm32g4xx_hal_pwr.o"
arm-none-eabi-gcc "../Drivers/STM32G4xx_HAL_Driver/Src/stm32g4xx_hal_pwr_ex.c" -mcpu=cortex-m4 -std=gnu11 -g3 -DDEBUG -DUSE_HAL_DRIVER -DSTM32G431xx -c -I../Core/Inc -I../Drivers/STM32G4xx_HAL_Driver/Inc -I../Drivers/STM32G4xx_HAL_Driver/Inc/Legacy -I../Drivers/CMSIS/Device/ST/STM32G4xx/Include -I../Drivers/CMSIS/Include -O0 -ffunction-sections -fdata-sections -Wall -fstack-usage -fcyclomatic-complexity -MMD -MP -MF"Drivers/STM32G4xx_HAL_Driver/Src/stm32g4xx_hal_pwr_ex.d" -MT"Drivers/STM32G4xx_HAL_Driver/Src/stm32g4xx_hal_pwr_ex.o" --specs=nano.specs -mfpu=fpv4-sp-d16 -mfloat-abi=hard -mthumb -o "Drivers/STM32G4xx_HAL_Driver/Src/stm32g4xx_hal_pwr_ex.o"
arm-none-eabi-gcc "../Drivers/STM32G4xx_HAL_Driver/Src/stm32g4xx_hal_rcc.c" -mcpu=cortex-m4 -std=gnu11 -g3 -DDEBUG -DUSE_HAL_DRIVER -DSTM32G431xx -c -I../Core/Inc -I../Drivers/STM32G4xx_HAL_Driver/Inc -I../Drivers/STM32G4xx_HAL_Driver/Inc/Legacy -I../Drivers/CMSIS/Device/ST/STM32G4xx/Include -I../Drivers/CMSIS/Include -O0 -ffunction-sections -fdata-sections -Wall -fstack-usage -fcyclomatic-complexity -MMD -MP -MF"Drivers/STM32G4xx_HAL_Driver/Src/stm32g4xx_hal_rcc.d" -MT"Drivers/STM32G4xx_HAL_Driver/Src/stm32g4xx_hal_rcc.o" --specs=nano.specs -mfpu=fpv4-sp-d16 -mfloat-abi=hard -mthumb -o "Drivers/STM32G4xx_HAL_Driver/Src/stm32g4xx_hal_rcc.o"
arm-none-eabi-gcc "../Drivers/STM32G4xx_HAL_Driver/Src/stm32g4xx_hal_rcc_ex.c" -mcpu=cortex-m4 -std=gnu11 -g3 -DDEBUG -DUSE_HAL_DRIVER -DSTM32G431xx -c -I../Core/Inc -I../Drivers/STM32G4xx_HAL_Driver/Inc -I../Drivers/STM32G4xx_HAL_Driver/Inc/Legacy -I../Drivers/CMSIS/Device/ST/STM32G4xx/Include -I../Drivers/CMSIS/Include -O0 -ffunction-sections -fdata-sections -Wall -fstack-usage -fcyclomatic-complexity -MMD -MP -MF"Drivers/STM32G4xx_HAL_Driver/Src/stm32g4xx_hal_rcc_ex.d" -MT"Drivers/STM32G4xx_HAL_Driver/Src/stm32g4xx_hal_rcc_ex.o" --specs=nano.specs -mfpu=fpv4-sp-d16 -mfloat-abi=hard -mthumb -o "Drivers/STM32G4xx_HAL_Driver/Src/stm32g4xx_hal_rcc_ex.o"
arm-none-eabi-gcc "../Drivers/STM32G4xx_HAL_Driver/Src/stm32g4xx_hal_spi.c" -mcpu=cortex-m4 -std=gnu11 -g3 -DDEBUG -DUSE_HAL_DRIVER -DSTM32G431xx -c -I../Core/Inc -I../Drivers/STM32G4xx_HAL_Driver/Inc -I../Drivers/STM32G4xx_HAL_Driver/Inc/Legacy -I../Drivers/CMSIS/Device/ST/STM32G4xx/Include -I../Drivers/CMSIS/Include -O0 -ffunction-sections -fdata-sections -Wall -fstack-usage -fcyclomatic-complexity -MMD -MP -MF"Drivers/STM32G4xx_HAL_Driver/Src/stm32g4xx_hal_spi.d" -MT"Drivers/STM32G4xx_HAL_Driver/Src/stm32g4xx_hal_spi.o" --specs=nano.specs -mfpu=fpv4-sp-d16 -mfloat-abi=hard -mthumb -o "Drivers/STM32G4xx_HAL_Driver/Src/stm32g4xx_hal_spi.o"
arm-none-eabi-gcc "../Drivers/STM32G4xx_HAL_Driver/Src/stm32g4xx_hal_spi_ex.c" -mcpu=cortex-m4 -std=gnu11 -g3 -DDEBUG -DUSE_HAL_DRIVER -DSTM32G431xx -c -I../Core/Inc -I../Drivers/STM32G4xx_HAL_Driver/Inc -I../Drivers/STM32G4xx_HAL_Driver/Inc/Legacy -I../Drivers/CMSIS/Device/ST/STM32G4xx/Include -I../Drivers/CMSIS/Include -O0 -ffunction-sections -fdata-sections -Wall -fstack-usage -fcyclomatic-complexity -MMD -MP -MF"Drivers/STM32G4xx_HAL_Driver/Src/stm32g4xx_hal_spi_ex.d" -MT"Drivers/STM32G4xx_HAL_Driver/Src/stm32g4xx_hal_spi_ex.o" --specs=nano.specs -mfpu=fpv4-sp-d16 -mfloat-abi=hard -mthumb -o "Drivers/STM32G4xx_HAL_Driver/Src/stm32g4xx_hal_spi_ex.o"
arm-none-eabi-gcc "../Drivers/STM32G4xx_HAL_Driver/Src/stm32g4xx_hal_tim.c" -mcpu=cortex-m4 -std=gnu11 -g3 -DDEBUG -DUSE_HAL_DRIVER -DSTM32G431xx -c -I../Core/Inc -I../Drivers/STM32G4xx_HAL_Driver/Inc -I../Drivers/STM32G4xx_HAL_Driver/Inc/Legacy -I../Drivers/CMSIS/Device/ST/STM32G4xx/Include -I../Drivers/CMSIS/Include -O0 -ffunction-sections -fdata-sections -Wall -fstack-usage -fcyclomatic-complexity -MMD -MP -MF"Drivers/STM32G4xx_HAL_Driver/Src/stm32g4xx_hal_tim.d" -MT"Drivers/STM32G4xx_HAL_Driver/Src/stm32g4xx_hal_tim.o" --specs=nano.specs -mfpu=fpv4-sp-d16 -mfloat-abi=hard -mthumb -o "Drivers/STM32G4xx_HAL_Driver/Src/stm32g4xx_hal_tim.o"
arm-none-eabi-gcc "../Drivers/STM32G4xx_HAL_Driver/Src/stm32g4xx_hal_tim_ex.c" -mcpu=cortex-m4 -std=gnu11 -g3 -DDEBUG -DUSE_HAL_DRIVER -DSTM32G431xx -c -I../Core/Inc -I../Drivers/STM32G4xx_HAL_Driver/Inc -I../Drivers/STM32G4xx_HAL_Driver/Inc/Legacy -I../Drivers/CMSIS/Device/ST/STM32G4xx/Include -I../Drivers/CMSIS/Include -O0 -ffunction-sections -fdata-sections -Wall -fstack-usage -fcyclomatic-complexity -MMD -MP -MF"Drivers/STM32G4xx_HAL_Driver/Src/stm32g4xx_hal_tim_ex.d" -MT"Drivers/STM32G4xx_HAL_Driver/Src/stm32g4xx_hal_tim_ex.o" --specs=nano.specs -mfpu=fpv4-sp-d16 -mfloat-abi=hard -mthumb -o "Drivers/STM32G4xx_HAL_Driver/Src/stm32g4xx_hal_tim_ex.o"
arm-none-eabi-gcc "../Drivers/STM32G4xx_HAL_Driver/Src/stm32g4xx_hal_uart.c" -mcpu=cortex-m4 -std=gnu11 -g3 -DDEBUG -DUSE_HAL_DRIVER -DSTM32G431xx -c -I../Core/Inc -I../Drivers/STM32G4xx_HAL_Driver/Inc -I../Drivers/STM32G4xx_HAL_Driver/Inc/Legacy -I../Drivers/CMSIS/Device/ST/STM32G4xx/Include -I../Drivers/CMSIS/Include -O0 -ffunction-sections -fdata-sections -Wall -fstack-usage -fcyclomatic-complexity -MMD -MP -MF"Drivers/STM32G4xx_HAL_Driver/Src/stm32g4xx_hal_uart.d" -MT"Drivers/STM32G4xx_HAL_Driver/Src/stm32g4xx_hal_uart.o" --specs=nano.specs -mfpu=fpv4-sp-d16 -mfloat-abi=hard -mthumb -o "Drivers/STM32G4xx_HAL_Driver/Src/stm32g4xx_hal_uart.o"
arm-none-eabi-gcc "../Drivers/STM32G4xx_HAL_Driver/Src/stm32g4xx_hal_uart_ex.c" -mcpu=cortex-m4 -std=gnu11 -g3 -DDEBUG -DUSE_HAL_DRIVER -DSTM32G431xx -c -I../Core/Inc -I../Drivers/STM32G4xx_HAL_Driver/Inc -I../Drivers/STM32G4xx_HAL_Driver/Inc/Legacy -I../Drivers/CMSIS/Device/ST/STM32G4xx/Include -I../Drivers/CMSIS/Include -O0 -ffunction-sections -fdata-sections -Wall -fstack-usage -fcyclomatic-complexity -MMD -MP -MF"Drivers/STM32G4xx_HAL_Driver/Src/stm32g4xx_hal_uart_ex.d" -MT"Drivers/STM32G4xx_HAL_Driver/Src/stm32g4xx_hal_uart_ex.o" --specs=nano.specs -mfpu=fpv4-sp-d16 -mfloat-abi=hard -mthumb -o "Drivers/STM32G4xx_HAL_Driver/Src/stm32g4xx_hal_uart_ex.o"
arm-none-eabi-gcc "../Core/Src/main.c" -mcpu=cortex-m4 -std=gnu11 -g3 -DDEBUG -DUSE_HAL_DRIVER -DSTM32G431xx -c -I../Core/Inc -I../Drivers/STM32G4xx_HAL_Driver/Inc -I../Drivers/STM32G4xx_HAL_Driver/Inc/Legacy -I../Drivers/CMSIS/Device/ST/STM32G4xx/Include -I../Drivers/CMSIS/Include -O0 -ffunction-sections -fdata-sections -Wall -fstack-usage -fcyclomatic-complexity -MMD -MP -MF"Core/Src/main.d" -MT"Core/Src/main.o" --specs=nano.specs -mfpu=fpv4-sp-d16 -mfloat-abi=hard -mthumb -o "Core/Src/main.o"
../Core/Src/main.c: In function 'main':
../Core/Src/main.c:123:20: warning: pointer targets in passing argument 1 of 'UART_PRINT_TEXT' differ in signedness [-Wpointer-sign]
  123 |    UART_PRINT_TEXT("Accelerometer: ");
      |                    ^~~~~~~~~~~~~~~~~
      |                    |
      |                    char *
../Core/Src/main.c:58:31: note: expected 'uint8_t *' {aka 'unsigned char *'} but argument is of type 'char *'
   58 | void UART_PRINT_TEXT(uint8_t* MSG);
      |                      ~~~~~~~~~^~~
../Core/Src/main.c:124:20: warning: pointer targets in passing argument 1 of 'UART_PRINT_TEXT' differ in signedness [-Wpointer-sign]
  124 |    UART_PRINT_TEXT("( ");
      |                    ^~~~
      |                    |
      |                    char *
../Core/Src/main.c:58:31: note: expected 'uint8_t *' {aka 'unsigned char *'} but argument is of type 'char *'
   58 | void UART_PRINT_TEXT(uint8_t* MSG);
      |                      ~~~~~~~~~^~~
../Core/Src/main.c:148:20: warning: pointer targets in passing argument 1 of 'UART_PRINT_TEXT' differ in signedness [-Wpointer-sign]
  148 |    UART_PRINT_TEXT(" )\n");
      |                    ^~~~~~
      |                    |
      |                    char *
../Core/Src/main.c:58:31: note: expected 'uint8_t *' {aka 'unsigned char *'} but argument is of type 'char *'
   58 | void UART_PRINT_TEXT(uint8_t* MSG);
      |                      ~~~~~~~~~^~~
../Core/Src/main.c:108:8: warning: unused variable 'zGyro' [-Wunused-variable]
  108 |  float zGyro = 0;
      |        ^~~~~
../Core/Src/main.c:107:8: warning: unused variable 'yGyro' [-Wunused-variable]
  107 |  float yGyro = 0;
      |        ^~~~~
../Core/Src/main.c:106:8: warning: unused variable 'xGyro' [-Wunused-variable]
  106 |  float xGyro = 0;
      |        ^~~~~
../Core/Src/main.c:105:8: warning: unused variable 'zMag' [-Wunused-variable]
  105 |  float zMag = 0;
      |        ^~~~
../Core/Src/main.c:104:8: warning: unused variable 'yMag' [-Wunused-variable]
  104 |  float yMag = 0;
      |        ^~~~
../Core/Src/main.c:103:8: warning: unused variable 'xMag' [-Wunused-variable]
  103 |  float xMag = 0;
      |        ^~~~
../Core/Src/main.c:102:8: warning: unused variable 'zAccel' [-Wunused-variable]
  102 |  float zAccel = 0;
      |        ^~~~~~
../Core/Src/main.c:101:8: warning: unused variable 'yAccel' [-Wunused-variable]
  101 |  float yAccel = 0;
      |        ^~~~~~
../Core/Src/main.c: At top level:
../Core/Src/main.c:331:6: error: conflicting types for 'UART_PRINT_VAL'
  331 | void UART_PRINT_VAL(double value){
      |      ^~~~~~~~~~~~~~
../Core/Src/main.c:57:6: note: previous declaration of 'UART_PRINT_VAL' was here
   57 | void UART_PRINT_VAL(float value);
      |      ^~~~~~~~~~~~~~
../Core/Src/main.c: In function 'UART_PRINT_VAL':
../Core/Src/main.c:333:2: warning: implicit declaration of function 'sprintf' [-Wimplicit-function-declaration]
  333 |  sprintf(total, "%i", (int)value);
      |  ^~~~~~~
../Core/Src/main.c:333:2: warning: incompatible implicit declaration of built-in function 'sprintf'
../Core/Src/main.c:25:1: note: include '<stdio.h>' or provide a declaration of 'sprintf'
   24 | #include<stdlib.h>
  +++ |+#include <stdio.h>
   25 | /* USER CODE END Includes */
[...]
../Core/Src/main.c: In function 'main':
../Core/Src/main.c:123:20: warning: pointer targets in passing argument 1 of 'UART_PRINT_TEXT' differ in signedness [-Wpointer-sign]
  123 |    UART_PRINT_TEXT("Accelerometer: ");
      |                    ^~~~~~~~~~~~~~~~~
      |                    |
      |                    char *
../Core/Src/main.c:58:31: note: expected 'uint8_t *' {aka 'unsigned char *'} but argument is of type 'char *'
   58 | void UART_PRINT_TEXT(uint8_t* MSG);
      |                      ~~~~~~~~~^~~
../Core/Src/main.c:124:20: warning: pointer targets in passing argument 1 of 'UART_PRINT_TEXT' differ in signedness [-Wpointer-sign]
  124 |    UART_PRINT_TEXT("( ");
      |                    ^~~~
      |                    |
      |                    char *
../Core/Src/main.c:58:31: note: expected 'uint8_t *' {aka 'unsigned char *'} but argument is of type 'char *'
   58 | void UART_PRINT_TEXT(uint8_t* MSG);
      |                      ~~~~~~~~~^~~
../Core/Src/main.c:148:20: warning: pointer targets in passing argument 1 of 'UART_PRINT_TEXT' differ in signedness [-Wpointer-sign]
  148 |    UART_PRINT_TEXT(" )\n");
      |                    ^~~~~~
      |                    |
      |                    char *
../Core/Src/main.c:58:31: note: expected 'uint8_t *' {aka 'unsigned char *'} but argument is of type 'char *'
   58 | void UART_PRINT_TEXT(uint8_t* MSG);
      |                      ~~~~~~~~~^~~
../Core/Src/main.c:108:9: warning: unused variable 'zGyro' [-Wunused-variable]
  108 |  double zGyro = 0;
      |         ^~~~~
../Core/Src/main.c:107:9: warning: unused variable 'yGyro' [-Wunused-variable]
  107 |  double yGyro = 0;
      |         ^~~~~
../Core/Src/main.c:106:9: warning: unused variable 'xGyro' [-Wunused-variable]
  106 |  double xGyro = 0;
      |         ^~~~~
../Core/Src/main.c:105:9: warning: unused variable 'zMag' [-Wunused-variable]
  105 |  double zMag = 0;
      |         ^~~~
../Core/Src/main.c:104:9: warning: unused variable 'yMag' [-Wunused-variable]
  104 |  double yMag = 0;
      |         ^~~~
../Core/Src/main.c:103:9: warning: unused variable 'xMag' [-Wunused-variable]
  103 |  double xMag = 0;
      |         ^~~~
../Core/Src/main.c:102:9: warning: unused variable 'zAccel' [-Wunused-variable]
  102 |  double zAccel = 0;
      |         ^~~~~~
../Core/Src/main.c:101:9: warning: unused variable 'yAccel' [-Wunused-variable]
  101 |  double yAccel = 0;
      |         ^~~~~~
../Core/Src/main.c: In function 'UART_PRINT_VAL':
../Core/Src/main.c:333:2: warning: implicit declaration of function 'sprintf' [-Wimplicit-function-declaration]
  333 |  sprintf(total, "%i", (int)value);
      |  ^~~~~~~
../Core/Src/main.c:333:2: warning: incompatible implicit declaration of built-in function 'sprintf'
../Core/Src/main.c:25:1: note: include '<stdio.h>' or provide a declaration of 'sprintf'
   24 | #include<stdlib.h>
  +++ |+#include <stdio.h>
   25 | /* USER CODE END Includes */
../Core/Src/main.c:334:2: warning: implicit declaration of function 'strcat' [-Wimplicit-function-declaration]
  334 |  strcat(total, ".");
      |  ^~~~~~
../Core/Src/main.c:334:2: warning: incompatible implicit declaration of built-in function 'strcat'
../Core/Src/main.c:25:1: note: include '<string.h>' or provide a declaration of 'strcat'
   24 | #include<stdlib.h>
  +++ |+#include <string.h>
   25 | /* USER CODE END Includes */
../Core/Src/main.c:343:36: warning: implicit declaration of function 'strlen' [-Wimplicit-function-declaration]
  343 |  HAL_UART_Transmit(&huart2, total, strlen(total), 100);
      |                                    ^~~~~~
../Core/Src/main.c:343:36: warning: incompatible implicit declaration of built-in function 'strlen'
../Core/Src/main.c:343:36: note: include '<string.h>' or provide a declaration of 'strlen'
../Core/Src/main.c:343:29: warning: pointer targets in passing argument 2 of 'HAL_UART_Transmit' differ in signedness [-Wpointer-sign]
  343 |  HAL_UART_Transmit(&huart2, total, strlen(total), 100);
      |                             ^~~~~
      |                             |
      |                             char *
In file included from ../Core/Inc/stm32g4xx_hal_conf.h:348,
                 from ../Drivers/STM32G4xx_HAL_Driver/Inc/stm32g4xx_hal.h:29,
                 from ../Core/Inc/main.h:30,
                 from ../Core/Src/main.c:20:
../Drivers/STM32G4xx_HAL_Driver/Inc/stm32g4xx_hal_uart.h:1611:79: note: expected 'const uint8_t *' {aka 'const unsigned char *'} but argument is of type 'char *'
 1611 | HAL_StatusTypeDef HAL_UART_Transmit(UART_HandleTypeDef *huart, const uint8_t *pData, uint16_t Size, uint32_t Timeout);
      |                                                                ~~~~~~~~~~~~~~~^~~~~
../Core/Src/main.c: In function 'UART_PRINT_TEXT':
../Core/Src/main.c:346:34: warning: incompatible implicit declaration of built-in function 'strlen'
  346 |  HAL_UART_Transmit(&huart2, MSG, strlen(MSG), 100);
      |                                  ^~~~~~
../Core/Src/main.c:346:34: note: include '<string.h>' or provide a declaration of 'strlen'
../Core/Src/main.c:346:41: warning: pointer targets in passing argument 1 of 'strlen' differ in signedness [-Wpointer-sign]
  346 |  HAL_UART_Transmit(&huart2, MSG, strlen(MSG), 100);
      |                                         ^~~
      |                                         |
      |                                         uint8_t * {aka unsigned char *}
../Core/Src/main.c:346:41: note: expected 'const char *' but argument is of type 'uint8_t *' {aka 'unsigned char *'}
arm-none-eabi-gcc -o "UM7.elf" @"objects.list"   -mcpu=cortex-m4 -T"/Users/madcloud123/Documents/GitHub/Rapid-ACDS-I2C-Data-Collection/UM7/STM32G431KBTX_FLASH.ld" --specs=nosys.specs -Wl,-Map="UM7.map" -Wl,--gc-sections -static --specs=nano.specs -mfpu=fpv4-sp-d16 -mfloat-abi=hard -mthumb -Wl,--start-group -lc -lm -Wl,--end-group
Finished building target: UM7.elf
 
arm-none-eabi-size   UM7.elf 
arm-none-eabi-objdump -h -S  UM7.elf  > "UM7.list"
   text	   data	    bss	    dec	    hex	filename
  20672	    120	   1832	  22624	   5860	UM7.elf
Finished building: default.size.stdout
 
Finished building: UM7.list
 
23:37:44 **** Incremental Build of configuration Debug for project UM7 ****
make -j3 all 
arm-none-eabi-gcc "../Core/Src/main.c" -mcpu=cortex-m4 -std=gnu11 -g3 -DDEBUG -DUSE_HAL_DRIVER -DSTM32G431xx -c -I../Core/Inc -I../Drivers/STM32G4xx_HAL_Driver/Inc -I../Drivers/STM32G4xx_HAL_Driver/Inc/Legacy -I../Drivers/CMSIS/Device/ST/STM32G4xx/Include -I../Drivers/CMSIS/Include -O0 -ffunction-sections -fdata-sections -Wall -fstack-usage -fcyclomatic-complexity -MMD -MP -MF"Core/Src/main.d" -MT"Core/Src/main.o" --specs=nano.specs -mfpu=fpv4-sp-d16 -mfloat-abi=hard -mthumb -o "Core/Src/main.o"
../Core/Src/main.c: In function 'main':
../Core/Src/main.c:123:20: warning: pointer targets in passing argument 1 of 'UART_PRINT_TEXT' differ in signedness [-Wpointer-sign]
  123 |    UART_PRINT_TEXT("Accelerometer: ");
      |                    ^~~~~~~~~~~~~~~~~
      |                    |
      |                    char *
../Core/Src/main.c:58:31: note: expected 'uint8_t *' {aka 'unsigned char *'} but argument is of type 'char *'
   58 | void UART_PRINT_TEXT(uint8_t* MSG);
      |                      ~~~~~~~~~^~~
../Core/Src/main.c:124:20: warning: pointer targets in passing argument 1 of 'UART_PRINT_TEXT' differ in signedness [-Wpointer-sign]
  124 |    UART_PRINT_TEXT("( ");
      |                    ^~~~
      |                    |
      |                    char *
../Core/Src/main.c:58:31: note: expected 'uint8_t *' {aka 'unsigned char *'} but argument is of type 'char *'
   58 | void UART_PRINT_TEXT(uint8_t* MSG);
      |                      ~~~~~~~~~^~~
../Core/Src/main.c:148:20: warning: pointer targets in passing argument 1 of 'UART_PRINT_TEXT' differ in signedness [-Wpointer-sign]
  148 |    UART_PRINT_TEXT(" )\n");
      |                    ^~~~~~
      |                    |
      |                    char *
../Core/Src/main.c:58:31: note: expected 'uint8_t *' {aka 'unsigned char *'} but argument is of type 'char *'
   58 | void UART_PRINT_TEXT(uint8_t* MSG);
      |                      ~~~~~~~~~^~~
../Core/Src/main.c:108:9: warning: unused variable 'zGyro' [-Wunused-variable]
  108 |  double zGyro = 0;
      |         ^~~~~
../Core/Src/main.c:107:9: warning: unused variable 'yGyro' [-Wunused-variable]
  107 |  double yGyro = 0;
      |         ^~~~~
../Core/Src/main.c:106:9: warning: unused variable 'xGyro' [-Wunused-variable]
  106 |  double xGyro = 0;
      |         ^~~~~
../Core/Src/main.c:105:9: warning: unused variable 'zMag' [-Wunused-variable]
  105 |  double zMag = 0;
      |         ^~~~
../Core/Src/main.c:104:9: warning: unused variable 'yMag' [-Wunused-variable]
  104 |  double yMag = 0;
      |         ^~~~
../Core/Src/main.c:103:9: warning: unused variable 'xMag' [-Wunused-variable]
  103 |  double xMag = 0;
      |         ^~~~
../Core/Src/main.c:102:9: warning: unused variable 'zAccel' [-Wunused-variable]
  102 |  double zAccel = 0;
      |         ^~~~~~
../Core/Src/main.c:101:9: warning: unused variable 'yAccel' [-Wunused-variable]
  101 |  double yAccel = 0;
      |         ^~~~~~
../Core/Src/main.c: In function 'UART_PRINT_VAL':
../Core/Src/main.c:333:2: warning: implicit declaration of function 'sprintf' [-Wimplicit-function-declaration]
  333 |  sprintf(total, "%i", (int)value);
      |  ^~~~~~~
../Core/Src/main.c:333:2: warning: incompatible implicit declaration of built-in function 'sprintf'
../Core/Src/main.c:25:1: note: include '<stdio.h>' or provide a declaration of 'sprintf'
   24 | #include<stdlib.h>
  +++ |+#include <stdio.h>
   25 | /* USER CODE END Includes */
../Core/Src/main.c:334:2: warning: implicit declaration of function 'strcat' [-Wimplicit-function-declaration]
  334 |  strcat(total, ".");
      |  ^~~~~~
../Core/Src/main.c:334:2: warning: incompatible implicit declaration of built-in function 'strcat'
../Core/Src/main.c:25:1: note: include '<string.h>' or provide a declaration of 'strcat'
   24 | #include<stdlib.h>
  +++ |+#include <string.h>
   25 | /* USER CODE END Includes */
../Core/Src/main.c:343:36: warning: implicit declaration of function 'strlen' [-Wimplicit-function-declaration]
  343 |  HAL_UART_Transmit(&huart2, total, strlen(total), 100);
      |                                    ^~~~~~
../Core/Src/main.c:343:36: warning: incompatible implicit declaration of built-in function 'strlen'
../Core/Src/main.c:343:36: note: include '<string.h>' or provide a declaration of 'strlen'
../Core/Src/main.c:343:29: warning: pointer targets in passing argument 2 of 'HAL_UART_Transmit' differ in signedness [-Wpointer-sign]
  343 |  HAL_UART_Transmit(&huart2, total, strlen(total), 100);
      |                             ^~~~~
      |                             |
      |                             char *
In file included from ../Core/Inc/stm32g4xx_hal_conf.h:348,
                 from ../Drivers/STM32G4xx_HAL_Driver/Inc/stm32g4xx_hal.h:29,
                 from ../Core/Inc/main.h:30,
                 from ../Core/Src/main.c:20:
../Drivers/STM32G4xx_HAL_Driver/Inc/stm32g4xx_hal_uart.h:1611:79: note: expected 'const uint8_t *' {aka 'const unsigned char *'} but argument is of type 'char *'
 1611 | HAL_StatusTypeDef HAL_UART_Transmit(UART_HandleTypeDef *huart, const uint8_t *pData, uint16_t Size, uint32_t Timeout);
      |                                                                ~~~~~~~~~~~~~~~^~~~~
../Core/Src/main.c: In function 'UART_PRINT_TEXT':
../Core/Src/main.c:346:34: warning: incompatible implicit declaration of built-in function 'strlen'
  346 |  HAL_UART_Transmit(&huart2, MSG, strlen(MSG), 100);
      |                                  ^~~~~~
../Core/Src/main.c:346:34: note: include '<string.h>' or provide a declaration of 'strlen'
../Core/Src/main.c:346:41: warning: pointer targets in passing argument 1 of 'strlen' differ in signedness [-Wpointer-sign]
  346 |  HAL_UART_Transmit(&huart2, MSG, strlen(MSG), 100);
      |                                         ^~~
      |                                         |
      |                                         uint8_t * {aka unsigned char *}
../Core/Src/main.c:346:41: note: expected 'const char *' but argument is of type 'uint8_t *' {aka 'unsigned char *'}
arm-none-eabi-gcc -o "UM7.elf" @"objects.list"   -mcpu=cortex-m4 -T"/Users/madcloud123/Documents/GitHub/Rapid-ACDS-I2C-Data-Collection/UM7/STM32G431KBTX_FLASH.ld" --specs=nosys.specs -Wl,-Map="UM7.map" -Wl,--gc-sections -static --specs=nano.specs -mfpu=fpv4-sp-d16 -mfloat-abi=hard -mthumb -Wl,--start-group -lc -lm -Wl,--end-group
Finished building target: UM7.elf
 
arm-none-eabi-size   UM7.elf 
arm-none-eabi-objdump -h -S  UM7.elf  > "UM7.list"
   text	   data	    bss	    dec	    hex	filename
  20672	    120	   1832	  22624	   5860	UM7.elf
Finished building: default.size.stdout
 
Finished building: UM7.list
 
23:38:11 **** Incremental Build of configuration Debug for project UM7 ****
make -j3 all 
arm-none-eabi-gcc "../Core/Src/main.c" -mcpu=cortex-m4 -std=gnu11 -g3 -DDEBUG -DUSE_HAL_DRIVER -DSTM32G431xx -c -I../Core/Inc -I../Drivers/STM32G4xx_HAL_Driver/Inc -I../Drivers/STM32G4xx_HAL_Driver/Inc/Legacy -I../Drivers/CMSIS/Device/ST/STM32G4xx/Include -I../Drivers/CMSIS/Include -O0 -ffunction-sections -fdata-sections -Wall -fstack-usage -fcyclomatic-complexity -MMD -MP -MF"Core/Src/main.d" -MT"Core/Src/main.o" --specs=nano.specs -mfpu=fpv4-sp-d16 -mfloat-abi=hard -mthumb -o "Core/Src/main.o"
../Core/Src/main.c: In function 'main':
../Core/Src/main.c:123:20: warning: pointer targets in passing argument 1 of 'UART_PRINT_TEXT' differ in signedness [-Wpointer-sign]
  123 |    UART_PRINT_TEXT("Accelerometer: ");
      |                    ^~~~~~~~~~~~~~~~~
      |                    |
      |                    char *
../Core/Src/main.c:58:31: note: expected 'uint8_t *' {aka 'unsigned char *'} but argument is of type 'char *'
   58 | void UART_PRINT_TEXT(uint8_t* MSG);
      |                      ~~~~~~~~~^~~
../Core/Src/main.c:124:20: warning: pointer targets in passing argument 1 of 'UART_PRINT_TEXT' differ in signedness [-Wpointer-sign]
  124 |    UART_PRINT_TEXT("( ");
      |                    ^~~~
      |                    |
      |                    char *
../Core/Src/main.c:58:31: note: expected 'uint8_t *' {aka 'unsigned char *'} but argument is of type 'char *'
   58 | void UART_PRINT_TEXT(uint8_t* MSG);
      |                      ~~~~~~~~~^~~
../Core/Src/main.c:148:20: warning: pointer targets in passing argument 1 of 'UART_PRINT_TEXT' differ in signedness [-Wpointer-sign]
  148 |    UART_PRINT_TEXT(" )\n");
      |                    ^~~~~~
      |                    |
      |                    char *
../Core/Src/main.c:58:31: note: expected 'uint8_t *' {aka 'unsigned char *'} but argument is of type 'char *'
   58 | void UART_PRINT_TEXT(uint8_t* MSG);
      |                      ~~~~~~~~~^~~
../Core/Src/main.c:108:9: warning: unused variable 'zGyro' [-Wunused-variable]
  108 |  double zGyro = 0;
      |         ^~~~~
../Core/Src/main.c:107:9: warning: unused variable 'yGyro' [-Wunused-variable]
  107 |  double yGyro = 0;
      |         ^~~~~
../Core/Src/main.c:106:9: warning: unused variable 'xGyro' [-Wunused-variable]
  106 |  double xGyro = 0;
      |         ^~~~~
../Core/Src/main.c:105:9: warning: unused variable 'zMag' [-Wunused-variable]
  105 |  double zMag = 0;
      |         ^~~~
../Core/Src/main.c:104:9: warning: unused variable 'yMag' [-Wunused-variable]
  104 |  double yMag = 0;
      |         ^~~~
../Core/Src/main.c:103:9: warning: unused variable 'xMag' [-Wunused-variable]
  103 |  double xMag = 0;
      |         ^~~~
../Core/Src/main.c:102:9: warning: unused variable 'zAccel' [-Wunused-variable]
  102 |  double zAccel = 0;
      |         ^~~~~~
../Core/Src/main.c:101:9: warning: unused variable 'yAccel' [-Wunused-variable]
  101 |  double yAccel = 0;
      |         ^~~~~~
../Core/Src/main.c: In function 'UART_PRINT_VAL':
../Core/Src/main.c:333:2: warning: implicit declaration of function 'sprintf' [-Wimplicit-function-declaration]
  333 |  sprintf(total, "%i", (int)value);
      |  ^~~~~~~
../Core/Src/main.c:333:2: warning: incompatible implicit declaration of built-in function 'sprintf'
../Core/Src/main.c:25:1: note: include '<stdio.h>' or provide a declaration of 'sprintf'
   24 | #include<stdlib.h>
  +++ |+#include <stdio.h>
   25 | /* USER CODE END Includes */
../Core/Src/main.c:334:2: warning: implicit declaration of function 'strcat' [-Wimplicit-function-declaration]
  334 |  strcat(total, ".");
      |  ^~~~~~
../Core/Src/main.c:334:2: warning: incompatible implicit declaration of built-in function 'strcat'
../Core/Src/main.c:25:1: note: include '<string.h>' or provide a declaration of 'strcat'
   24 | #include<stdlib.h>
  +++ |+#include <string.h>
   25 | /* USER CODE END Includes */
../Core/Src/main.c:343:36: warning: implicit declaration of function 'strlen' [-Wimplicit-function-declaration]
  343 |  HAL_UART_Transmit(&huart2, total, strlen(total), 100);
      |                                    ^~~~~~
../Core/Src/main.c:343:36: warning: incompatible implicit declaration of built-in function 'strlen'
../Core/Src/main.c:343:36: note: include '<string.h>' or provide a declaration of 'strlen'
../Core/Src/main.c:343:29: warning: pointer targets in passing argument 2 of 'HAL_UART_Transmit' differ in signedness [-Wpointer-sign]
  343 |  HAL_UART_Transmit(&huart2, total, strlen(total), 100);
      |                             ^~~~~
      |                             |
      |                             char *
In file included from ../Core/Inc/stm32g4xx_hal_conf.h:348,
                 from ../Drivers/STM32G4xx_HAL_Driver/Inc/stm32g4xx_hal.h:29,
                 from ../Core/Inc/main.h:30,
                 from ../Core/Src/main.c:20:
../Drivers/STM32G4xx_HAL_Driver/Inc/stm32g4xx_hal_uart.h:1611:79: note: expected 'const uint8_t *' {aka 'const unsigned char *'} but argument is of type 'char *'
 1611 | HAL_StatusTypeDef HAL_UART_Transmit(UART_HandleTypeDef *huart, const uint8_t *pData, uint16_t Size, uint32_t Timeout);
      |                                                                ~~~~~~~~~~~~~~~^~~~~
../Core/Src/main.c: In function 'UART_PRINT_TEXT':
../Core/Src/main.c:346:34: warning: incompatible implicit declaration of built-in function 'strlen'
  346 |  HAL_UART_Transmit(&huart2, MSG, strlen(MSG), 100);
      |                                  ^~~~~~
../Core/Src/main.c:346:34: note: include '<string.h>' or provide a declaration of 'strlen'
../Core/Src/main.c:346:41: warning: pointer targets in passing argument 1 of 'strlen' differ in signedness [-Wpointer-sign]
  346 |  HAL_UART_Transmit(&huart2, MSG, strlen(MSG), 100);
      |                                         ^~~
      |                                         |
      |                                         uint8_t * {aka unsigned char *}
../Core/Src/main.c:346:41: note: expected 'const char *' but argument is of type 'uint8_t *' {aka 'unsigned char *'}
arm-none-eabi-gcc -o "UM7.elf" @"objects.list"   -mcpu=cortex-m4 -T"/Users/madcloud123/Documents/GitHub/Rapid-ACDS-I2C-Data-Collection/UM7/STM32G431KBTX_FLASH.ld" --specs=nosys.specs -Wl,-Map="UM7.map" -Wl,--gc-sections -static --specs=nano.specs -mfpu=fpv4-sp-d16 -mfloat-abi=hard -mthumb -Wl,--start-group -lc -lm -Wl,--end-group
Finished building target: UM7.elf
 
arm-none-eabi-size   UM7.elf 
arm-none-eabi-objdump -h -S  UM7.elf  > "UM7.list"
   text	   data	    bss	    dec	    hex	filename
  20672	    120	   1832	  22624	   5860	UM7.elf
Finished building: default.size.stdout
 
Finished building: UM7.list
 
