14:13:01 **** Incremental Build of configuration Debug for project UM7 ****
make -j3 all 
arm-none-eabi-gcc "../Core/Src/main.c" -mcpu=cortex-m4 -std=gnu11 -g3 -DDEBUG -DUSE_HAL_DRIVER -DSTM32G431xx -c -I../Core/Inc -I../Drivers/STM32G4xx_HAL_Driver/Inc -I../Drivers/STM32G4xx_HAL_Driver/Inc/Legacy -I../Drivers/CMSIS/Device/ST/STM32G4xx/Include -I../Drivers/CMSIS/Include -O0 -ffunction-sections -fdata-sections -Wall -fstack-usage -fcyclomatic-complexity -MMD -MP -MF"Core/Src/main.d" -MT"Core/Src/main.o" --specs=nano.specs -mfpu=fpv4-sp-d16 -mfloat-abi=hard -mthumb -o "Core/Src/main.o"
../Core/Src/main.c: In function 'main':
../Core/Src/main.c:119:20: warning: pointer targets in passing argument 1 of 'UART_PRINT_TEXT' differ in signedness [-Wpointer-sign]
  119 |    UART_PRINT_TEXT("Accelerometer: ");
      |                    ^~~~~~~~~~~~~~~~~
      |                    |
      |                    char *
../Core/Src/main.c:58:31: note: expected 'uint8_t *' {aka 'unsigned char *'} but argument is of type 'char *'
   58 | void UART_PRINT_TEXT(uint8_t* MSG);
      |                      ~~~~~~~~~^~~
../Core/Src/main.c:120:20: warning: pointer targets in passing argument 1 of 'UART_PRINT_TEXT' differ in signedness [-Wpointer-sign]
  120 |    UART_PRINT_TEXT("( ");
      |                    ^~~~
      |                    |
      |                    char *
../Core/Src/main.c:58:31: note: expected 'uint8_t *' {aka 'unsigned char *'} but argument is of type 'char *'
   58 | void UART_PRINT_TEXT(uint8_t* MSG);
      |                      ~~~~~~~~~^~~
../Core/Src/main.c:122:20: warning: pointer targets in passing argument 1 of 'UART_PRINT_TEXT' differ in signedness [-Wpointer-sign]
  122 |    UART_PRINT_TEXT(", ");
      |                    ^~~~
      |                    |
      |                    char *
../Core/Src/main.c:58:31: note: expected 'uint8_t *' {aka 'unsigned char *'} but argument is of type 'char *'
   58 | void UART_PRINT_TEXT(uint8_t* MSG);
      |                      ~~~~~~~~~^~~
../Core/Src/main.c:124:20: warning: pointer targets in passing argument 1 of 'UART_PRINT_TEXT' differ in signedness [-Wpointer-sign]
  124 |    UART_PRINT_TEXT(", ");
      |                    ^~~~
      |                    |
      |                    char *
../Core/Src/main.c:58:31: note: expected 'uint8_t *' {aka 'unsigned char *'} but argument is of type 'char *'
   58 | void UART_PRINT_TEXT(uint8_t* MSG);
      |                      ~~~~~~~~~^~~
../Core/Src/main.c:126:20: warning: pointer targets in passing argument 1 of 'UART_PRINT_TEXT' differ in signedness [-Wpointer-sign]
  126 |    UART_PRINT_TEXT(" )\n");
      |                    ^~~~~~
      |                    |
      |                    char *
../Core/Src/main.c:58:31: note: expected 'uint8_t *' {aka 'unsigned char *'} but argument is of type 'char *'
   58 | void UART_PRINT_TEXT(uint8_t* MSG);
      |                      ~~~~~~~~~^~~
../Core/Src/main.c:127:20: warning: pointer targets in passing argument 1 of 'UART_PRINT_TEXT' differ in signedness [-Wpointer-sign]
  127 |    UART_PRINT_TEXT("Magnetometer: ");
      |                    ^~~~~~~~~~~~~~~~
      |                    |
      |                    char *
../Core/Src/main.c:58:31: note: expected 'uint8_t *' {aka 'unsigned char *'} but argument is of type 'char *'
   58 | void UART_PRINT_TEXT(uint8_t* MSG);
      |                      ~~~~~~~~~^~~
../Core/Src/main.c:128:20: warning: pointer targets in passing argument 1 of 'UART_PRINT_TEXT' differ in signedness [-Wpointer-sign]
  128 |    UART_PRINT_TEXT("( ");
      |                    ^~~~
      |                    |
      |                    char *
../Core/Src/main.c:58:31: note: expected 'uint8_t *' {aka 'unsigned char *'} but argument is of type 'char *'
   58 | void UART_PRINT_TEXT(uint8_t* MSG);
      |                      ~~~~~~~~~^~~
../Core/Src/main.c:130:20: warning: pointer targets in passing argument 1 of 'UART_PRINT_TEXT' differ in signedness [-Wpointer-sign]
  130 |    UART_PRINT_TEXT(", ");
      |                    ^~~~
      |                    |
      |                    char *
../Core/Src/main.c:58:31: note: expected 'uint8_t *' {aka 'unsigned char *'} but argument is of type 'char *'
   58 | void UART_PRINT_TEXT(uint8_t* MSG);
      |                      ~~~~~~~~~^~~
../Core/Src/main.c:132:20: warning: pointer targets in passing argument 1 of 'UART_PRINT_TEXT' differ in signedness [-Wpointer-sign]
  132 |    UART_PRINT_TEXT(", ");
      |                    ^~~~
      |                    |
      |                    char *
../Core/Src/main.c:58:31: note: expected 'uint8_t *' {aka 'unsigned char *'} but argument is of type 'char *'
   58 | void UART_PRINT_TEXT(uint8_t* MSG);
      |                      ~~~~~~~~~^~~
../Core/Src/main.c:134:20: warning: pointer targets in passing argument 1 of 'UART_PRINT_TEXT' differ in signedness [-Wpointer-sign]
  134 |    UART_PRINT_TEXT(" )\n");
      |                    ^~~~~~
      |                    |
      |                    char *
../Core/Src/main.c:58:31: note: expected 'uint8_t *' {aka 'unsigned char *'} but argument is of type 'char *'
   58 | void UART_PRINT_TEXT(uint8_t* MSG);
      |                      ~~~~~~~~~^~~
../Core/Src/main.c:135:20: warning: pointer targets in passing argument 1 of 'UART_PRINT_TEXT' differ in signedness [-Wpointer-sign]
  135 |    UART_PRINT_TEXT("Gyro: ");
      |                    ^~~~~~~~
      |                    |
      |                    char *
../Core/Src/main.c:58:31: note: expected 'uint8_t *' {aka 'unsigned char *'} but argument is of type 'char *'
   58 | void UART_PRINT_TEXT(uint8_t* MSG);
      |                      ~~~~~~~~~^~~
../Core/Src/main.c:136:20: warning: pointer targets in passing argument 1 of 'UART_PRINT_TEXT' differ in signedness [-Wpointer-sign]
  136 |    UART_PRINT_TEXT("( ");
      |                    ^~~~
      |                    |
      |                    char *
../Core/Src/main.c:58:31: note: expected 'uint8_t *' {aka 'unsigned char *'} but argument is of type 'char *'
   58 | void UART_PRINT_TEXT(uint8_t* MSG);
      |                      ~~~~~~~~~^~~
../Core/Src/main.c:138:20: warning: pointer targets in passing argument 1 of 'UART_PRINT_TEXT' differ in signedness [-Wpointer-sign]
  138 |    UART_PRINT_TEXT(", ");
      |                    ^~~~
      |                    |
      |                    char *
../Core/Src/main.c:58:31: note: expected 'uint8_t *' {aka 'unsigned char *'} but argument is of type 'char *'
   58 | void UART_PRINT_TEXT(uint8_t* MSG);
      |                      ~~~~~~~~~^~~
../Core/Src/main.c:140:20: warning: pointer targets in passing argument 1 of 'UART_PRINT_TEXT' differ in signedness [-Wpointer-sign]
  140 |    UART_PRINT_TEXT(", ");
      |                    ^~~~
      |                    |
      |                    char *
../Core/Src/main.c:58:31: note: expected 'uint8_t *' {aka 'unsigned char *'} but argument is of type 'char *'
   58 | void UART_PRINT_TEXT(uint8_t* MSG);
      |                      ~~~~~~~~~^~~
../Core/Src/main.c:142:20: warning: pointer targets in passing argument 1 of 'UART_PRINT_TEXT' differ in signedness [-Wpointer-sign]
  142 |    UART_PRINT_TEXT(" )\n");
      |                    ^~~~~~
      |                    |
      |                    char *
../Core/Src/main.c:58:31: note: expected 'uint8_t *' {aka 'unsigned char *'} but argument is of type 'char *'
   58 | void UART_PRINT_TEXT(uint8_t* MSG);
      |                      ~~~~~~~~~^~~
../Core/Src/main.c: In function 'UART_PRINT_VAL':
../Core/Src/main.c:327:2: warning: implicit declaration of function 'sprintf' [-Wimplicit-function-declaration]
  327 |  sprintf(total, "%i", (int)value);
      |  ^~~~~~~
../Core/Src/main.c:327:2: warning: incompatible implicit declaration of built-in function 'sprintf'
../Core/Src/main.c:21:1: note: include '<stdio.h>' or provide a declaration of 'sprintf'
   20 | #include "main.h"
  +++ |+#include <stdio.h>
   21 | 
../Core/Src/main.c:328:2: warning: implicit declaration of function 'strcat' [-Wimplicit-function-declaration]
  328 |  strcat(total, ".");
      |  ^~~~~~
../Core/Src/main.c:328:2: warning: incompatible implicit declaration of built-in function 'strcat'
../Core/Src/main.c:21:1: note: include '<string.h>' or provide a declaration of 'strcat'
   20 | #include "main.h"
  +++ |+#include <string.h>
   21 | 
../Core/Src/main.c:330:12: warning: implicit declaration of function 'abs' [-Wimplicit-function-declaration]
  330 |  int val = abs((int)((value - (int)value) * 10000000));
      |            ^~~
../Core/Src/main.c:334:36: warning: implicit declaration of function 'strlen' [-Wimplicit-function-declaration]
  334 |  HAL_UART_Transmit(&huart2, total, strlen(total), 100);
      |                                    ^~~~~~
../Core/Src/main.c:334:36: warning: incompatible implicit declaration of built-in function 'strlen'
../Core/Src/main.c:334:36: note: include '<string.h>' or provide a declaration of 'strlen'
../Core/Src/main.c:334:29: warning: pointer targets in passing argument 2 of 'HAL_UART_Transmit' differ in signedness [-Wpointer-sign]
  334 |  HAL_UART_Transmit(&huart2, total, strlen(total), 100);
      |                             ^~~~~
      |                             |
      |                             char *
In file included from ../Core/Inc/stm32g4xx_hal_conf.h:348,
                 from ../Drivers/STM32G4xx_HAL_Driver/Inc/stm32g4xx_hal.h:29,
                 from ../Core/Inc/main.h:30,
                 from ../Core/Src/main.c:20:
../Drivers/STM32G4xx_HAL_Driver/Inc/stm32g4xx_hal_uart.h:1611:79: note: expected 'const uint8_t *' {aka 'const unsigned char *'} but argument is of type 'char *'
 1611 | HAL_StatusTypeDef HAL_UART_Transmit(UART_HandleTypeDef *huart, const uint8_t *pData, uint16_t Size, uint32_t Timeout);
      |                                                                ~~~~~~~~~~~~~~~^~~~~
../Core/Src/main.c:329:6: warning: unused variable 'y' [-Wunused-variable]
  329 |  int y = 0;
      |      ^
../Core/Src/main.c: In function 'UART_PRINT_TEXT':
../Core/Src/main.c:337:34: warning: incompatible implicit declaration of built-in function 'strlen'
  337 |  HAL_UART_Transmit(&huart2, MSG, strlen(MSG), 100);
      |                                  ^~~~~~
../Core/Src/main.c:337:34: note: include '<string.h>' or provide a declaration of 'strlen'
../Core/Src/main.c:337:41: warning: pointer targets in passing argument 1 of 'strlen' differ in signedness [-Wpointer-sign]
  337 |  HAL_UART_Transmit(&huart2, MSG, strlen(MSG), 100);
      |                                         ^~~
      |                                         |
      |                                         uint8_t * {aka unsigned char *}
../Core/Src/main.c:337:41: note: expected 'const char *' but argument is of type 'uint8_t *' {aka 'unsigned char *'}
arm-none-eabi-gcc -o "UM7.elf" @"objects.list"   -mcpu=cortex-m4 -T"/Users/madcloud123/Documents/GitHub/Rapid-ACDS-I2C-Data-Collection/UM7/STM32G431KBTX_FLASH.ld" --specs=nosys.specs -Wl,-Map="UM7.map" -Wl,--gc-sections -static --specs=nano.specs -mfpu=fpv4-sp-d16 -mfloat-abi=hard -mthumb -Wl,--start-group -lc -lm -Wl,--end-group
Finished building target: UM7.elf
 
arm-none-eabi-size   UM7.elf 
arm-none-eabi-objdump -h -S  UM7.elf  > "UM7.list"
   text	   data	    bss	    dec	    hex	filename
  16752	    120	   1832	  18704	   4910	UM7.elf
Finished building: default.size.stdout
 
Finished building: UM7.list
 
